Archive member included to satisfy reference by file (symbol)

./libDaisy//build/libdaisy.a(daisy_patch_sm.o)
                              build/chnl.o (daisy::patch_sm::DaisyPatchSM::Init())
./libDaisy//build/libdaisy.a(codec_pcm3060.o)
                              ./libDaisy//build/libdaisy.a(daisy_patch_sm.o) (daisy::Pcm3060::Init(daisy::I2CHandle))
./libDaisy//build/libdaisy.a(sdram.o)
                              ./libDaisy//build/libdaisy.a(daisy_patch_sm.o) (SdramHandle::Init())
./libDaisy//build/libdaisy.a(audio.o)
                              ./libDaisy//build/libdaisy.a(daisy_patch_sm.o) (daisy::AudioHandle::Init(daisy::AudioHandle::Config const&, daisy::SaiHandle))
./libDaisy//build/libdaisy.a(ctrl.o)
                              ./libDaisy//build/libdaisy.a(daisy_patch_sm.o) (daisy::AnalogControl::Init(unsigned short*, float, bool, bool, float))
./libDaisy//build/libdaisy.a(encoder.o)
                              build/chnl.o (daisy::Encoder::Init(dsy_gpio_pin, dsy_gpio_pin, dsy_gpio_pin, float))
./libDaisy//build/libdaisy.a(gatein.o)
                              ./libDaisy//build/libdaisy.a(daisy_patch_sm.o) (daisy::GateIn::Init(daisy::Pin, bool))
./libDaisy//build/libdaisy.a(logger.o)
                              build/chnl.o (daisy::Logger<(daisy::LoggerDestination)1>::PrintLine(char const*, ...))
./libDaisy//build/libdaisy.a(switch.o)
                              ./libDaisy//build/libdaisy.a(encoder.o) (daisy::Switch::Init(dsy_gpio_pin, float))
./libDaisy//build/libdaisy.a(usb.o)
                              ./libDaisy//build/libdaisy.a(logger.o) (daisy::UsbHandle::Init(daisy::UsbHandle::UsbPeriph))
./libDaisy//build/libdaisy.a(adc.o)
                              ./libDaisy//build/libdaisy.a(daisy_patch_sm.o) (daisy::AdcChannelConfig::InitSingle(dsy_gpio_pin, daisy::AdcChannelConfig::ConversionSpeed))
./libDaisy//build/libdaisy.a(dac.o)
                              ./libDaisy//build/libdaisy.a(daisy_patch_sm.o) (daisy::DacHandle::Init(daisy::DacHandle::Config const&))
./libDaisy//build/libdaisy.a(gpio.o)
                              build/chnl.o (daisy::GPIO::Init(daisy::Pin, daisy::GPIO::Mode, daisy::GPIO::Pull, daisy::GPIO::Speed))
./libDaisy//build/libdaisy.a(i2c.o)
                              ./libDaisy//build/libdaisy.a(daisy_patch_sm.o) (daisy::I2CHandle::Init(daisy::I2CHandle::Config const&))
./libDaisy//build/libdaisy.a(qspi.o)
                              ./libDaisy//build/libdaisy.a(daisy_patch_sm.o) (daisy::QSPIHandle::Init(daisy::QSPIHandle::Config const&))
./libDaisy//build/libdaisy.a(sai.o)
                              ./libDaisy//build/libdaisy.a(daisy_patch_sm.o) (daisy::SaiHandle::Init(daisy::SaiHandle::Config const&))
./libDaisy//build/libdaisy.a(spi.o)
                              build/chnl.o (daisy::SpiHandle::Init(daisy::SpiHandle::Config const&))
./libDaisy//build/libdaisy.a(system.o)
                              ./libDaisy//build/libdaisy.a(encoder.o) (daisy::System::GetNow())
./libDaisy//build/libdaisy.a(system_stm32h7xx.o)
                              build/startup_stm32h750xx.o (SystemInit)
./libDaisy//build/libdaisy.a(usbd_cdc_if.o)
                              ./libDaisy//build/libdaisy.a(usb.o) (CDC_Transmit_FS)
./libDaisy//build/libdaisy.a(usbd_conf.o)
                              ./libDaisy//build/libdaisy.a(system.o) (hpcd_USB_OTG_HS)
./libDaisy//build/libdaisy.a(usbd_desc.o)
                              ./libDaisy//build/libdaisy.a(usb.o) (HS_Desc)
./libDaisy//build/libdaisy.a(usbh_conf.o)
                              ./libDaisy//build/libdaisy.a(system.o) (hhcd_USB_OTG_HS)
./libDaisy//build/libdaisy.a(hal_map.o)
                              ./libDaisy//build/libdaisy.a(gpio.o) (dsy_hal_map_get_port)
./libDaisy//build/libdaisy.a(stm32h7xx_hal.o)
                              ./libDaisy//build/libdaisy.a(system.o) (HAL_Init)
./libDaisy//build/libdaisy.a(stm32h7xx_hal_adc.o)
                              ./libDaisy//build/libdaisy.a(adc.o) (HAL_ADC_ConfigChannel)
./libDaisy//build/libdaisy.a(stm32h7xx_hal_adc_ex.o)
                              ./libDaisy//build/libdaisy.a(adc.o) (HAL_ADCEx_Calibration_Start)
./libDaisy//build/libdaisy.a(stm32h7xx_hal_cortex.o)
                              ./libDaisy//build/libdaisy.a(stm32h7xx_hal.o) (HAL_NVIC_SetPriorityGrouping)
./libDaisy//build/libdaisy.a(stm32h7xx_hal_dac.o)
                              ./libDaisy//build/libdaisy.a(dac.o) (HAL_DAC_Init)
./libDaisy//build/libdaisy.a(stm32h7xx_hal_dac_ex.o)
                              ./libDaisy//build/libdaisy.a(stm32h7xx_hal_dac.o) (HAL_DACEx_DMAUnderrunCallbackCh2)
./libDaisy//build/libdaisy.a(stm32h7xx_hal_dma.o)
                              ./libDaisy//build/libdaisy.a(adc.o) (HAL_DMA_Init)
./libDaisy//build/libdaisy.a(stm32h7xx_hal_gpio.o)
                              ./libDaisy//build/libdaisy.a(sdram.o) (HAL_GPIO_Init)
./libDaisy//build/libdaisy.a(stm32h7xx_hal_hcd.o)
[...]
Memory Configuration

Name             Origin             Length             Attributes
FLASH            0x0000000008000000 0x0000000000020000 xr
DTCMRAM          0x0000000020000000 0x0000000000020000 xrw
SRAM             0x0000000024000000 0x0000000000080000 xrw
RAM_D2           0x0000000030000000 0x0000000000048000 xrw
RAM_D3           0x0000000038000000 0x0000000000010000 xrw
BACKUP_SRAM      0x0000000038800000 0x0000000000001000 xrw
ITCMRAM          0x0000000000000000 0x0000000000010000 xrw
SDRAM            0x00000000c0000000 0x0000000004000000 xrw
QSPIFLASH        0x0000000090000000 0x0000000000800000 xr
*default*        0x0000000000000000 0xffffffffffffffff

Linker script and memory map

LOAD /Library/DaisyToolchain/0.2.0/arm/bin/../lib/gcc/arm-none-eabi/10.3.1/thumb/v7e-m+dp/hard/crti.o
LOAD /Library/DaisyToolchain/0.2.0/arm/bin/../lib/gcc/arm-none-eabi/10.3.1/thumb/v7e-m+dp/hard/crtbegin.o
LOAD /Library/DaisyToolchain/0.2.0/arm/bin/../lib/gcc/arm-none-eabi/10.3.1/../../../../arm-none-eabi/lib/thumb/v7e-m+dp/hard/crt0.o
LOAD build/startup_stm32h750xx.o
LOAD build/chnl.o
LOAD ./libDaisy//build/libdaisy.a
LOAD /Library/DaisyToolchain/0.2.0/arm/bin/../lib/gcc/arm-none-eabi/10.3.1/../../../../arm-none-eabi/lib/thumb/v7e-m+dp/hard/libnosys.a
LOAD ./DaisySP//build/libdaisysp.a
LOAD /Library/DaisyToolchain/0.2.0/arm/bin/../lib/gcc/arm-none-eabi/10.3.1/../../../../arm-none-eabi/lib/thumb/v7e-m+dp/hard/libstdc++_nano.a
LOAD /Library/DaisyToolchain/0.2.0/arm/bin/../lib/gcc/arm-none-eabi/10.3.1/../../../../arm-none-eabi/lib/thumb/v7e-m+dp/hard/libm.a
LOAD /Library/DaisyToolchain/0.2.0/arm/bin/../lib/gcc/arm-none-eabi/10.3.1/../../../../arm-none-eabi/lib/thumb/v7e-m+dp/hard/libc_nano.a
START GROUP
LOAD /Library/DaisyToolchain/0.2.0/arm/bin/../lib/gcc/arm-none-eabi/10.3.1/thumb/v7e-m+dp/hard/libgcc.a
LOAD /Library/DaisyToolchain/0.2.0/arm/bin/../lib/gcc/arm-none-eabi/10.3.1/../../../../arm-none-eabi/lib/thumb/v7e-m+dp/hard/libc_nano.a
END GROUP
START GROUP
LOAD /Library/DaisyToolchain/0.2.0/arm/bin/../lib/gcc/arm-none-eabi/10.3.1/thumb/v7e-m+dp/hard/libgcc.a
LOAD /Library/DaisyToolchain/0.2.0/arm/bin/../lib/gcc/arm-none-eabi/10.3.1/../../../../arm-none-eabi/lib/thumb/v7e-m+dp/hard/libc_nano.a
LOAD /Library/DaisyToolchain/0.2.0/arm/bin/../lib/gcc/arm-none-eabi/10.3.1/../../../../arm-none-eabi/lib/thumb/v7e-m+dp/hard/libnosys.a
END GROUP
START GROUP
LOAD /Library/DaisyToolchain/0.2.0/arm/bin/../lib/gcc/arm-none-eabi/10.3.1/thumb/v7e-m+dp/hard/libgcc.a
LOAD /Library/DaisyToolchain/0.2.0/arm/bin/../lib/gcc/arm-none-eabi/10.3.1/../../../../arm-none-eabi/lib/thumb/v7e-m+dp/hard/libc_nano.a
LOAD /Library/DaisyToolchain/0.2.0/arm/bin/../lib/gcc/arm-none-eabi/10.3.1/../../../../arm-none-eabi/lib/thumb/v7e-m+dp/hard/libnosys.a
END GROUP
LOAD /Library/DaisyToolchain/0.2.0/arm/bin/../lib/gcc/arm-none-eabi/10.3.1/thumb/v7e-m+dp/hard/crtend.o
LOAD /Library/DaisyToolchain/0.2.0/arm/bin/../lib/gcc/arm-none-eabi/10.3.1/thumb/v7e-m+dp/hard/crtn.o
                0x0000000020020000                _estack = 0x20020000

.isr_vector     0x0000000008000000      0x298
                0x0000000008000000                . = ALIGN (0x4)
 *(.isr_vector)
 .isr_vector    0x0000000008000000      0x298 build/startup_stm32h750xx.o
                0x0000000008000000                g_pfnVectors
                0x0000000008000298                . = ALIGN (0x4)

.text           0x00000000080002a0    0x15a98
                0x00000000080002a0                . = ALIGN (0x4)
                0x00000000080002a0                _stext = .
 *(.text)
 .text          0x00000000080002a0       0x40 /Library/DaisyToolchain/0.2.0/arm/bin/../lib/gcc/arm-none-eabi/10.3.1/thumb/v7e-m+dp/hard/crtbegin.o
 .text          0x00000000080002e0       0xa0 /Library/DaisyToolchain/0.2.0/arm/bin/../lib/gcc/arm-none-eabi/10.3.1/../../../../arm-none-eabi/lib/thumb/v7e-m+dp/hard/libc_nano.a(lib_a-memchr.o)
                0x00000000080002e0                memchr
 .text          0x0000000008000380       0x30 /Library/DaisyToolchain/0.2.0/arm/bin/../lib/gcc/arm-none-eabi/10.3.1/thumb/v7e-m+dp/hard/libgcc.a(_aeabi_uldivmod.o)
                0x0000000008000380                __aeabi_uldivmod
 .text          0x00000000080003b0      0x2d0 /Library/DaisyToolchain/0.2.0/arm/bin/../lib/gcc/arm-none-eabi/10.3.1/thumb/v7e-m+dp/hard/libgcc.a(_udivmoddi4.o)
                0x00000000080003b0                __udivmoddi4
 .text          0x0000000008000680        0x4 /Library/DaisyToolchain/0.2.0/arm/bin/../lib/gcc/arm-none-eabi/10.3.1/thumb/v7e-m+dp/hard/libgcc.a(_dvmd_tls.o)
                0x0000000008000680                __aeabi_ldiv0
                0x0000000008000680                __aeabi_idiv0
 *(.text*)
 .text.Default_Handler
                0x0000000008000684        0x4 build/startup_stm32h750xx.o
                0x0000000008000684                SAI1_IRQHandler
                0x0000000008000684                HASH_RNG_IRQHandler
                0x0000000008000684                EXTI2_IRQHandler
                0x0000000008000684                TIM8_CC_IRQHandler
                0x0000000008000684                HRTIM1_Master_IRQHandler
                0x0000000008000684                DebugMon_Handler
                0x0000000008000684                TIM1_CC_IRQHandler
                0x0000000008000684                BDMA_Channel6_IRQHandler
                0x0000000008000684                DMA2_Stream5_IRQHandler
                0x0000000008000684                HRTIM1_FLT_IRQHandler
                0x0000000008000684                JPEG_IRQHandler
                0x0000000008000684                BDMA_Channel1_IRQHandler
                0x0000000008000684                HRTIM1_TIMD_IRQHandler
                0x0000000008000684                TAMP_STAMP_IRQHandler
                0x0000000008000684                PendSV_Handler
                0x0000000008000684                NMI_Handler
                0x0000000008000684                EXTI3_IRQHandler
                0x0000000008000684                LPTIM4_IRQHandler
                0x0000000008000684                TIM8_TRG_COM_TIM14_IRQHandler
                0x0000000008000684                LPTIM2_IRQHandler
                0x0000000008000684                DFSDM1_FLT1_IRQHandler
                0x0000000008000684                DMAMUX2_OVR_IRQHandler
                0x0000000008000684                TIM8_UP_TIM13_IRQHandler
                0x0000000008000684                I2C3_ER_IRQHandler
                0x0000000008000684                DFSDM1_FLT2_IRQHandler
                0x0000000008000684                MDMA_IRQHandler
                0x0000000008000684                LPTIM3_IRQHandler
                0x0000000008000684                HSEM1_IRQHandler
                0x0000000008000684                EXTI0_IRQHandler
                0x0000000008000684                FPU_IRQHandler
                0x0000000008000684                OTG_HS_WKUP_IRQHandler
                0x0000000008000684                FDCAN1_IT1_IRQHandler
                0x0000000008000684                UsageFault_Handler
                0x0000000008000684                LTDC_ER_IRQHandler
                0x0000000008000684                HRTIM1_TIME_IRQHandler
                0x0000000008000684                DCMI_IRQHandler
                0x0000000008000684                HRTIM1_TIMC_IRQHandler
                0x0000000008000684                SAI2_IRQHandler
                0x0000000008000684                DFSDM1_FLT3_IRQHandler
                0x0000000008000684                TIM17_IRQHandler
                0x0000000008000684                CRYP_IRQHandler
                0x0000000008000684                BDMA_Channel7_IRQHandler
                0x0000000008000684                LPTIM5_IRQHandler
                0x0000000008000684                ADC3_IRQHandler
                0x0000000008000684                BDMA_Channel2_IRQHandler
                0x0000000008000684                DMAMUX1_OVR_IRQHandler
                0x0000000008000684                TIM16_IRQHandler
                0x0000000008000684                BDMA_Channel5_IRQHandler
                0x0000000008000684                RCC_IRQHandler
                0x0000000008000684                TIM8_BRK_TIM12_IRQHandler
                0x0000000008000684                TIM1_TRG_COM_IRQHandler
                0x0000000008000684                Default_Handler
                0x0000000008000684                ECC_IRQHandler
                0x0000000008000684                CEC_IRQHandler
                0x0000000008000684                EXTI15_10_IRQHandler
                0x0000000008000684                BDMA_Channel0_IRQHandler
                0x0000000008000684                ADC_IRQHandler
                0x0000000008000684                DMA1_Stream7_IRQHandler
                0x0000000008000684                HRTIM1_TIMA_IRQHandler
                0x0000000008000684                TIM7_IRQHandler
                0x0000000008000684                SDMMC1_IRQHandler
                0x0000000008000684                DMA2_Stream7_IRQHandler
                0x0000000008000684                TIM15_IRQHandler
                0x0000000008000684                PVD_AVD_IRQHandler
                0x0000000008000684                EXTI9_5_IRQHandler
                0x0000000008000684                RTC_WKUP_IRQHandler
                0x0000000008000684                LTDC_IRQHandler
                0x0000000008000684                SAI3_IRQHandler
                0x0000000008000684                ETH_WKUP_IRQHandler
                0x0000000008000684                SPDIF_RX_IRQHandler
                0x0000000008000684                MemManage_Handler
                0x0000000008000684                SVC_Handler
                0x0000000008000684                CRS_IRQHandler
                0x0000000008000684                EXTI4_IRQHandler
                0x0000000008000684                HRTIM1_TIMB_IRQHandler
                0x0000000008000684                FDCAN2_IT1_IRQHandler
                0x0000000008000684                ETH_IRQHandler
                0x0000000008000684                TIM1_UP_IRQHandler
                0x0000000008000684                BDMA_Channel4_IRQHandler
                0x0000000008000684                WWDG_IRQHandler
                0x0000000008000684                SPI6_IRQHandler
                0x0000000008000684                I2C4_EV_IRQHandler
                0x0000000008000684                MDIOS_IRQHandler
                0x0000000008000684                FDCAN2_IT0_IRQHandler
                0x0000000008000684                FDCAN1_IT0_IRQHandler
                0x0000000008000684                OTG_FS_WKUP_IRQHandler
                0x0000000008000684                DMA2D_IRQHandler
                0x0000000008000684                TIM1_BRK_IRQHandler
                0x0000000008000684                EXTI1_IRQHandler
                0x0000000008000684                SDMMC2_IRQHandler
                0x0000000008000684                BDMA_Channel3_IRQHandler
                0x0000000008000684                MDIOS_WKUP_IRQHandler
                0x0000000008000684                DFSDM1_FLT0_IRQHandler
                0x0000000008000684                SAI4_IRQHandler
                0x0000000008000684                I2C2_ER_IRQHandler
                0x0000000008000684                FLASH_IRQHandler
                0x0000000008000684                BusFault_Handler
                0x0000000008000684                WAKEUP_PIN_IRQHandler
                0x0000000008000684                I2C1_ER_IRQHandler
                0x0000000008000684                FMC_IRQHandler
                0x0000000008000684                FDCAN_CAL_IRQHandler
                0x0000000008000684                SWPMI1_IRQHandler
                0x0000000008000684                COMP1_IRQHandler
                0x0000000008000684                LPTIM1_IRQHandler
                0x0000000008000684                I2C4_ER_IRQHandler
                0x0000000008000684                DMA2_Stream6_IRQHandler
                0x0000000008000684                RTC_Alarm_IRQHandler
 .text.Reset_Handler
                0x0000000008000688       0x44 build/startup_stm32h750xx.o
                0x0000000008000688                Reset_Handler
 .text._ZN5daisy7EncoderD2Ev
                0x00000000080006cc        0x4 build/chnl.o
                0x00000000080006cc                daisy::Encoder::~Encoder()
                0x00000000080006cc                daisy::Encoder::~Encoder()
 .text._ZN5daisy8patch_sm12DaisyPatchSMD2Ev
                0x00000000080006d0        0x4 build/chnl.o
                0x00000000080006d0                daisy::patch_sm::DaisyPatchSM::~DaisyPatchSM()
                0x00000000080006d0                daisy::patch_sm::DaisyPatchSM::~DaisyPatchSM()
 .text._ZN7daisysp5MetroD2Ev
                0x00000000080006d4        0x4 build/chnl.o
                0x00000000080006d4                daisysp::Metro::~Metro()
                0x00000000080006d4                daisysp::Metro::~Metro()
 .text._Z14DmaEndCallbackPvN5daisy9SpiHandle6ResultE
                0x00000000080006d8       0x34 build/chnl.o
                0x00000000080006d8                DmaEndCallback(void*, daisy::SpiHandle::Result)
 .text._Z13AudioCallbackPKPKfPPfj
                0x000000000800070c      0x1a0 build/chnl.o
                0x000000000800070c                AudioCallback(float const* const*, float**, unsigned int)
 .text._ZNSt7__cxx119to_stringEi
                0x00000000080008ac      0x138 build/chnl.o
                0x00000000080008ac                std::__cxx11::to_string(int)
 .text._Z20ST7789V2SendData8BitPhj
                0x00000000080009e4       0x78 build/chnl.o
                0x00000000080009e4                ST7789V2SendData8Bit(unsigned char*, unsigned int)
 .text._ZL15SendCommandDatahSt16initializer_listIhE
                0x0000000008000a5c       0x68 build/chnl.o
 .text._Z10SetWindowstttt
                0x0000000008000ac4      0x1ec build/chnl.o
                0x0000000008000ac4                SetWindows(unsigned short, unsigned short, unsigned short, unsigned short)
 .text._Z12ST7789V2Inith
                0x0000000008000cb0      0x29c build/chnl.o
                0x0000000008000cb0                ST7789V2Init(unsigned char)
 .text._Z8DrawCharttctii
                0x0000000008000f4c       0xf0 build/chnl.o
                0x0000000008000f4c                DrawChar(unsigned short, unsigned short, char, unsigned short, int, int)
 .text._Z10DrawStringiiPKciii
                0x000000000800103c       0x44 build/chnl.o
                0x000000000800103c                DrawString(int, int, char const*, int, int, int)
 .text._Z11ClearWindowiiii
                0x0000000008001080       0x44 build/chnl.o
                0x0000000008001080                ClearWindow(int, int, int, int)
 .text.startup.main
                0x00000000080010c4      0x5b8 build/chnl.o
                0x00000000080010c4                main
 .text.startup._GLOBAL__sub_I_rst
                0x000000000800167c       0xa4 build/chnl.o
 .text._ZN5daisy8patch_sm12DaisyPatchSM4Impl19InternalDacCallbackEPPtj
                0x0000000008001720       0xa8 ./libDaisy//build/libdaisy.a(daisy_patch_sm.o)
                0x0000000008001720                daisy::patch_sm::DaisyPatchSM::Impl::InternalDacCallback(unsigned short**, unsigned int)
 .text._ZN5daisy8patch_sm12DaisyPatchSM4InitEv
                0x00000000080017c8      0x29c ./libDaisy//build/libdaisy.a(daisy_patch_sm.o)
                0x00000000080017c8                daisy::patch_sm::DaisyPatchSM::Init()
 .text._ZN5daisy8patch_sm12DaisyPatchSM10StartAudioEPFvPKPKfPPfjE
                0x0000000008001a64        0x8 ./libDaisy//build/libdaisy.a(daisy_patch_sm.o)
                0x0000000008001a64                daisy::patch_sm::DaisyPatchSM::StartAudio(void (*)(float const* const*, float**, unsigned int))
 .text._ZN5daisy8patch_sm12DaisyPatchSM21ProcessAnalogControlsEv
                0x0000000008001a6c       0x18 ./libDaisy//build/libdaisy.a(daisy_patch_sm.o)
                0x0000000008001a6c                daisy::patch_sm::DaisyPatchSM::ProcessAnalogControls()
 .text._ZN5daisy8patch_sm12DaisyPatchSM22ProcessDigitalControlsEv
                0x0000000008001a84        0x4 ./libDaisy//build/libdaisy.a(daisy_patch_sm.o)
                0x0000000008001a84                daisy::patch_sm::DaisyPatchSM::ProcessDigitalControls()
 .text.startup._GLOBAL__sub_I__ZN5daisy8patch_sm12DaisyPatchSM2A1E
                0x0000000008001a88       0x28 ./libDaisy//build/libdaisy.a(daisy_patch_sm.o)
 .text._ZN5daisy7Pcm30604InitENS_9I2CHandleE
                0x0000000008001ab0      0x16c ./libDaisy//build/libdaisy.a(codec_pcm3060.o)
                0x0000000008001ab0                daisy::Pcm3060::Init(daisy::I2CHandle)
 .text._ZN11SdramHandle10DeviceInitEv
                0x0000000008001c1c       0x98 ./libDaisy//build/libdaisy.a(sdram.o)
                0x0000000008001c1c                SdramHandle::DeviceInit()
 .text._ZN11SdramHandle4InitEv
                0x0000000008001cb4       0x7c ./libDaisy//build/libdaisy.a(sdram.o)
                0x0000000008001cb4                SdramHandle::Init()
 .text.HAL_SDRAM_MspInit
                0x0000000008001d30      0x1a8 ./libDaisy//build/libdaisy.a(sdram.o)
                0x0000000008001d30                HAL_SDRAM_MspInit
 .text._ZN5daisy11AudioHandle4Impl16InternalCallbackEPlS2_j
                0x0000000008001ed8      0xbbc ./libDaisy//build/libdaisy.a(audio.o)
                0x0000000008001ed8                daisy::AudioHandle::Impl::InternalCallback(long*, long*, unsigned int)
 .text._ZN5daisy11AudioHandle4InitERKNS0_6ConfigENS_9SaiHandleE
                0x0000000008002a94       0x70 ./libDaisy//build/libdaisy.a(audio.o)
                0x0000000008002a94                daisy::AudioHandle::Init(daisy::AudioHandle::Config const&, daisy::SaiHandle)
 .text._ZNK5daisy11AudioHandle9GetConfigEv
                0x0000000008002b04        0x8 ./libDaisy//build/libdaisy.a(audio.o)
                0x0000000008002b04                daisy::AudioHandle::GetConfig() const
 .text._ZN5daisy11AudioHandle13GetSampleRateEv
                0x0000000008002b0c        0x8 ./libDaisy//build/libdaisy.a(audio.o)
                0x0000000008002b0c                daisy::AudioHandle::GetSampleRate()
 .text._ZN5daisy11AudioHandle5StartEPFvPKPKfPPfjE
                0x0000000008002b14       0x44 ./libDaisy//build/libdaisy.a(audio.o)
                0x0000000008002b14                daisy::AudioHandle::Start(void (*)(float const* const*, float**, unsigned int))
 .text.startup._GLOBAL__sub_I__ZN5daisy11AudioHandle4Impl4InitENS0_6ConfigENS_9SaiHandleE
                0x0000000008002b58       0x24 ./libDaisy//build/libdaisy.a(audio.o)
 .text._ZN5daisy13AnalogControl4InitEPtfbbf
                0x0000000008002b7c       0x64 ./libDaisy//build/libdaisy.a(ctrl.o)
                0x0000000008002b7c                daisy::AnalogControl::Init(unsigned short*, float, bool, bool, float)
 .text._ZN5daisy13AnalogControl13InitBipolarCvEPtf
                0x0000000008002be0       0x6c ./libDaisy//build/libdaisy.a(ctrl.o)
                0x0000000008002be0                daisy::AnalogControl::InitBipolarCv(unsigned short*, float)
 .text._ZN5daisy13AnalogControl7ProcessEv
                0x0000000008002c4c       0x48 ./libDaisy//build/libdaisy.a(ctrl.o)
                0x0000000008002c4c                daisy::AnalogControl::Process()
 .text._ZN5daisy7Encoder4InitE12dsy_gpio_pinS1_S1_f
                0x0000000008002c94       0x60 ./libDaisy//build/libdaisy.a(encoder.o)
                0x0000000008002c94                daisy::Encoder::Init(dsy_gpio_pin, dsy_gpio_pin, dsy_gpio_pin, float)
 .text._ZN5daisy7Encoder8DebounceEv
                0x0000000008002cf4       0x7c ./libDaisy//build/libdaisy.a(encoder.o)
                0x0000000008002cf4                daisy::Encoder::Debounce()
 .text._ZN5daisy6GateIn4InitENS_3PinEb
                0x0000000008002d70       0x24 ./libDaisy//build/libdaisy.a(gatein.o)
                0x0000000008002d70                daisy::GateIn::Init(daisy::Pin, bool)
 .text._ZN5daisy9UsbHandleD2Ev
                0x0000000008002d94        0x4 ./libDaisy//build/libdaisy.a(logger.o)
                0x0000000008002d94                daisy::UsbHandle::~UsbHandle()
                0x0000000008002d94                daisy::UsbHandle::~UsbHandle()
 .text._ZN5daisy6LoggerILNS_17LoggerDestinationE1EE11TransmitBufEv
                0x0000000008002d98       0x60 ./libDaisy//build/libdaisy.a(logger.o)
                0x0000000008002d98                daisy::Logger<(daisy::LoggerDestination)1>::TransmitBuf()
 .text._ZN5daisy6LoggerILNS_17LoggerDestinationE1EE13AppendNewLineEv
                0x0000000008002df8       0x60 ./libDaisy//build/libdaisy.a(logger.o)
                0x0000000008002df8                daisy::Logger<(daisy::LoggerDestination)1>::AppendNewLine()
 .text._ZN5daisy6LoggerILNS_17LoggerDestinationE1EE10PrintLineVEPKcSt9__va_list
                0x0000000008002e58       0x30 ./libDaisy//build/libdaisy.a(logger.o)
                0x0000000008002e58                daisy::Logger<(daisy::LoggerDestination)1>::PrintLineV(char const*, std::__va_list)
 .text._ZN5daisy6LoggerILNS_17LoggerDestinationE1EE9PrintLineEPKcz
                0x0000000008002e88       0x1c ./libDaisy//build/libdaisy.a(logger.o)
                0x0000000008002e88                daisy::Logger<(daisy::LoggerDestination)1>::PrintLine(char const*, ...)
 .text._ZN5daisy6LoggerILNS_17LoggerDestinationE1EE8StartLogEb
                0x0000000008002ea4       0x40 ./libDaisy//build/libdaisy.a(logger.o)
                0x0000000008002ea4                daisy::Logger<(daisy::LoggerDestination)1>::StartLog(bool)
 .text.startup._GLOBAL__sub_I__ZN5daisy10LoggerImplILNS_17LoggerDestinationE1EE11usb_handle_E
                0x0000000008002ee4       0x2c ./libDaisy//build/libdaisy.a(logger.o)
 .text._ZN5daisy6Switch4InitE12dsy_gpio_pinf
                0x0000000008002f10       0x34 ./libDaisy//build/libdaisy.a(switch.o)
                0x0000000008002f10                daisy::Switch::Init(dsy_gpio_pin, float)
 .text._ZN5daisy6Switch8DebounceEv
                0x0000000008002f44       0x5c ./libDaisy//build/libdaisy.a(switch.o)
                0x0000000008002f44                daisy::Switch::Debounce()
 .text.DummyRxCallback
                0x0000000008002fa0        0x4 ./libDaisy//build/libdaisy.a(usb.o)
                0x0000000008002fa0                DummyRxCallback
 .text._ZN5daisy9UsbHandle4InitENS0_9UsbPeriphE
                0x0000000008002fa4      0x10c ./libDaisy//build/libdaisy.a(usb.o)
                0x0000000008002fa4                daisy::UsbHandle::Init(daisy::UsbHandle::UsbPeriph)
 .text._ZN5daisy9UsbHandle16TransmitInternalEPhj
                0x00000000080030b0       0x14 ./libDaisy//build/libdaisy.a(usb.o)
                0x00000000080030b0                daisy::UsbHandle::TransmitInternal(unsigned char*, unsigned int)
 .text.OTG_FS_EP1_OUT_IRQHandler
                0x00000000080030c4        0xc ./libDaisy//build/libdaisy.a(usb.o)
                0x00000000080030c4                OTG_FS_EP1_OUT_IRQHandler
 .text.OTG_FS_EP1_IN_IRQHandler
                0x00000000080030d0        0xc ./libDaisy//build/libdaisy.a(usb.o)
                0x00000000080030d0                OTG_FS_EP1_IN_IRQHandler
 .text.OTG_FS_IRQHandler
                0x00000000080030dc        0xc ./libDaisy//build/libdaisy.a(usb.o)
                0x00000000080030dc                OTG_FS_IRQHandler
 .text._ZN5daisy16AdcChannelConfig10InitSingleE12dsy_gpio_pinNS0_15ConversionSpeedE
                0x00000000080030e8       0x28 ./libDaisy//build/libdaisy.a(adc.o)
                0x00000000080030e8                daisy::AdcChannelConfig::InitSingle(dsy_gpio_pin, daisy::AdcChannelConfig::ConversionSpeed)
 .text._ZN5daisy9AdcHandle4InitEPNS_16AdcChannelConfigEjNS0_12OverSamplingE
                0x0000000008003110      0x41c ./libDaisy//build/libdaisy.a(adc.o)
                0x0000000008003110                daisy::AdcHandle::Init(daisy::AdcChannelConfig*, unsigned int, daisy::AdcHandle::OverSampling)
 .text._ZN5daisy9AdcHandle5StartEv
                0x000000000800352c       0x2c ./libDaisy//build/libdaisy.a(adc.o)
                0x000000000800352c                daisy::AdcHandle::Start()
 .text._ZNK5daisy9AdcHandle6GetPtrEh
                0x0000000008003558       0x14 ./libDaisy//build/libdaisy.a(adc.o)
                0x0000000008003558                daisy::AdcHandle::GetPtr(unsigned char) const
 .text.HAL_ADC_MspInit
                0x000000000800356c       0x98 ./libDaisy//build/libdaisy.a(adc.o)
                0x000000000800356c                HAL_ADC_MspInit
 .text.DMA1_Stream2_IRQHandler
                0x0000000008003604        0xc ./libDaisy//build/libdaisy.a(adc.o)
                0x0000000008003604                DMA1_Stream2_IRQHandler
 .text.HAL_ADC_ConvCpltCallback
                0x0000000008003610      0x148 ./libDaisy//build/libdaisy.a(adc.o)
                0x0000000008003610                HAL_ADC_ConvCpltCallback
 .text.HAL_ADC_ErrorCallback
                0x0000000008003758        0x4 ./libDaisy//build/libdaisy.a(adc.o)
                0x0000000008003758                HAL_ADC_ErrorCallback
 .text.HAL_DAC_MspInit
                0x000000000800375c      0x15c ./libDaisy//build/libdaisy.a(dac.o)
                0x000000000800375c                HAL_DAC_MspInit
 .text.DMA2_Stream0_IRQHandler
                0x00000000080038b8        0xc ./libDaisy//build/libdaisy.a(dac.o)
                0x00000000080038b8                DMA2_Stream0_IRQHandler
 .text.DMA2_Stream1_IRQHandler
                0x00000000080038c4        0xc ./libDaisy//build/libdaisy.a(dac.o)
                0x00000000080038c4                DMA2_Stream1_IRQHandler
 .text.TIM6_DAC_IRQHandler
                0x00000000080038d0       0x1c ./libDaisy//build/libdaisy.a(dac.o)
                0x00000000080038d0                TIM6_DAC_IRQHandler
 .text.HAL_DAC_ConvCpltCallbackCh1
                0x00000000080038ec       0x60 ./libDaisy//build/libdaisy.a(dac.o)
                0x00000000080038ec                HAL_DAC_ConvCpltCallbackCh1
 .text.HAL_DAC_ConvHalfCpltCallbackCh1
                0x000000000800394c       0x54 ./libDaisy//build/libdaisy.a(dac.o)
                0x000000000800394c                HAL_DAC_ConvHalfCpltCallbackCh1
 .text.HAL_DACEx_ConvHalfCpltCallbackCh2
                0x00000000080039a0       0x2c ./libDaisy//build/libdaisy.a(dac.o)
                0x00000000080039a0                HAL_DACEx_ConvHalfCpltCallbackCh2
 .text.HAL_DACEx_ConvCpltCallbackCh2
                0x00000000080039cc       0x34 ./libDaisy//build/libdaisy.a(dac.o)
                0x00000000080039cc                HAL_DACEx_ConvCpltCallbackCh2
 .text._ZN5daisy9DacHandle4InitERKNS0_6ConfigE
                0x0000000008003a00       0xfc ./libDaisy//build/libdaisy.a(dac.o)
                0x0000000008003a00                daisy::DacHandle::Init(daisy::DacHandle::Config const&)
 .text._ZN5daisy9DacHandle5StartEPtS1_jPFvPS1_jE
                0x0000000008003afc       0x6c ./libDaisy//build/libdaisy.a(dac.o)
                0x0000000008003afc                daisy::DacHandle::Start(unsigned short*, unsigned short*, unsigned int, void (*)(unsigned short**, unsigned int))
 .text._ZN5daisy9DacHandle4StopEv
                0x0000000008003b68       0x40 ./libDaisy//build/libdaisy.a(dac.o)
                0x0000000008003b68                daisy::DacHandle::Stop()
 .text._ZN5daisy4GPIO4InitENS_3PinENS0_4ModeENS0_4PullENS0_5SpeedE
                0x0000000008003ba8      0x1cc ./libDaisy//build/libdaisy.a(gpio.o)
                0x0000000008003ba8                daisy::GPIO::Init(daisy::Pin, daisy::GPIO::Mode, daisy::GPIO::Pull, daisy::GPIO::Speed)
 .text._ZN5daisy4GPIO5WriteEb
                0x0000000008003d74       0x14 ./libDaisy//build/libdaisy.a(gpio.o)
                0x0000000008003d74                daisy::GPIO::Write(bool)
 .text.dsy_gpio_init
                0x0000000008003d88      0x1b8 ./libDaisy//build/libdaisy.a(gpio.o)
                0x0000000008003d88                dsy_gpio_init
 .text.dsy_gpio_read
                0x0000000008003f40       0x1c ./libDaisy//build/libdaisy.a(gpio.o)
                0x0000000008003f40                dsy_gpio_read
 .text.dsy_gpio_write
                0x0000000008003f5c       0x24 ./libDaisy//build/libdaisy.a(gpio.o)
                0x0000000008003f5c                dsy_gpio_write
 .text._ZN5daisy9I2CHandle4Impl8InitPinsEv
                0x0000000008003f80       0x58 ./libDaisy//build/libdaisy.a(i2c.o)
                0x0000000008003f80                daisy::I2CHandle::Impl::InitPins()
 .text.HAL_I2C_MspInit
                0x0000000008003fd8      0x1b4 ./libDaisy//build/libdaisy.a(i2c.o)
                0x0000000008003fd8                HAL_I2C_MspInit
 .text.dsy_i2c_global_init
                0x000000000800418c       0x78 ./libDaisy//build/libdaisy.a(i2c.o)
                0x000000000800418c                dsy_i2c_global_init
 .text.DMA1_Stream6_IRQHandler
                0x0000000008004204       0x34 ./libDaisy//build/libdaisy.a(i2c.o)
                0x0000000008004204                DMA1_Stream6_IRQHandler
 .text.I2C1_EV_IRQHandler
                0x0000000008004238        0xc ./libDaisy//build/libdaisy.a(i2c.o)
                0x0000000008004238                I2C1_EV_IRQHandler
 .text.I2C2_EV_IRQHandler
                0x0000000008004244        0xc ./libDaisy//build/libdaisy.a(i2c.o)
                0x0000000008004244                I2C2_EV_IRQHandler
 .text.I2C3_EV_IRQHandler
                0x0000000008004250        0xc ./libDaisy//build/libdaisy.a(i2c.o)
                0x0000000008004250                I2C3_EV_IRQHandler
 .text._ZN5daisy9I2CHandle4InitERKNS0_6ConfigE
                0x000000000800425c      0x12c ./libDaisy//build/libdaisy.a(i2c.o)
                0x000000000800425c                daisy::I2CHandle::Init(daisy::I2CHandle::Config const&)
 .text._ZN5daisy9I2CHandle17ReadDataAtAddressEtttPhtm
                0x0000000008004388       0x4c ./libDaisy//build/libdaisy.a(i2c.o)
                0x0000000008004388                daisy::I2CHandle::ReadDataAtAddress(unsigned short, unsigned short, unsigned short, unsigned char*, unsigned short, unsigned long)
 .text._ZN5daisy9I2CHandle18WriteDataAtAddressEtttPhtm
                0x00000000080043d4       0x4c ./libDaisy//build/libdaisy.a(i2c.o)
                0x00000000080043d4                daisy::I2CHandle::WriteDataAtAddress(unsigned short, unsigned short, unsigned short, unsigned char*, unsigned short, unsigned long)
 .text.startup._GLOBAL__sub_I__ZN5daisy9I2CHandle4Impl10GlobalInitEv
                0x0000000008004420       0x18 ./libDaisy//build/libdaisy.a(i2c.o)
 .text._ZN5daisy10QSPIHandle4Impl11WriteEnableEv
                0x0000000008004438       0x8c ./libDaisy//build/libdaisy.a(qspi.o)
                0x0000000008004438                daisy::QSPIHandle::Impl::WriteEnable()
 *fill*         0x00000000080044c4        0x4 
 .text._ZN5daisy10QSPIHandle4Impl17DummyCyclesConfigENS0_6Config6DeviceE
                0x00000000080044c8      0x118 ./libDaisy//build/libdaisy.a(qspi.o)
                0x00000000080044c8                daisy::QSPIHandle::Impl::DummyCyclesConfig(daisy::QSPIHandle::Config::Device)
 .text._ZN5daisy10QSPIHandle4Impl10QuadEnableEv
                0x00000000080045e0      0x158 ./libDaisy//build/libdaisy.a(qspi.o)
                0x00000000080045e0                daisy::QSPIHandle::Impl::QuadEnable()
 .text._ZN5daisy10QSPIHandle4InitERKNS0_6ConfigE
                0x0000000008004738      0x198 ./libDaisy//build/libdaisy.a(qspi.o)
                0x0000000008004738                daisy::QSPIHandle::Init(daisy::QSPIHandle::Config const&)
 .text.HAL_QSPI_MspInit
                0x00000000080048d0      0x11c ./libDaisy//build/libdaisy.a(qspi.o)
                0x00000000080048d0                HAL_QSPI_MspInit
 .text.HAL_QSPI_MspDeInit
                0x00000000080049ec       0x54 ./libDaisy//build/libdaisy.a(qspi.o)
                0x00000000080049ec                HAL_QSPI_MspDeInit
 .text.QUADSPI_IRQHandler
                0x0000000008004a40        0xc ./libDaisy//build/libdaisy.a(qspi.o)
                0x0000000008004a40                QUADSPI_IRQHandler
 .text.startup._GLOBAL__sub_I__ZN5daisy10QSPIHandle4Impl4InitERKNS0_6ConfigE
                0x0000000008004a4c       0x28 ./libDaisy//build/libdaisy.a(qspi.o)
 .text._ZN5daisy9SaiHandle4Impl7InitDmaENS1_15PeripheralBlockE
                0x0000000008004a74       0xa0 ./libDaisy//build/libdaisy.a(sai.o)
                0x0000000008004a74                daisy::SaiHandle::Impl::InitDma(daisy::SaiHandle::Impl::PeripheralBlock)
 .text._ZN5daisy9SaiHandle4Impl8InitPinsEv
                0x0000000008004b14       0xa8 ./libDaisy//build/libdaisy.a(sai.o)
                0x0000000008004b14                daisy::SaiHandle::Impl::InitPins()
 .text.HAL_SAI_MspInit
                0x0000000008004bbc      0x164 ./libDaisy//build/libdaisy.a(sai.o)
                0x0000000008004bbc                HAL_SAI_MspInit
 .text.DMA1_Stream0_IRQHandler
                0x0000000008004d20        0xc ./libDaisy//build/libdaisy.a(sai.o)
                0x0000000008004d20                DMA1_Stream0_IRQHandler
 .text.DMA1_Stream1_IRQHandler
                0x0000000008004d2c        0xc ./libDaisy//build/libdaisy.a(sai.o)
                0x0000000008004d2c                DMA1_Stream1_IRQHandler
 .text.DMA1_Stream3_IRQHandler
                0x0000000008004d38        0xc ./libDaisy//build/libdaisy.a(sai.o)
                0x0000000008004d38                DMA1_Stream3_IRQHandler
 .text.DMA1_Stream4_IRQHandler
                0x0000000008004d44        0xc ./libDaisy//build/libdaisy.a(sai.o)
                0x0000000008004d44                DMA1_Stream4_IRQHandler
 .text.HAL_SAI_RxHalfCpltCallback
                0x0000000008004d50       0x78 ./libDaisy//build/libdaisy.a(sai.o)
                0x0000000008004d50                HAL_SAI_RxHalfCpltCallback
 .text.HAL_SAI_RxCpltCallback
                0x0000000008004dc8       0x70 ./libDaisy//build/libdaisy.a(sai.o)
                0x0000000008004dc8                HAL_SAI_RxCpltCallback
 .text._ZN5daisy9SaiHandle4InitERKNS0_6ConfigE
                0x0000000008004e38      0x1f0 ./libDaisy//build/libdaisy.a(sai.o)
                0x0000000008004e38                daisy::SaiHandle::Init(daisy::SaiHandle::Config const&)
 .text._ZNK5daisy9SaiHandle9GetConfigEv
                0x0000000008005028        0x4 ./libDaisy//build/libdaisy.a(sai.o)
                0x0000000008005028                daisy::SaiHandle::GetConfig() const
 .text._ZN5daisy9SaiHandle8StartDmaEPlS1_jPFvS1_S1_jE
                0x000000000800502c       0xbc ./libDaisy//build/libdaisy.a(sai.o)
                0x000000000800502c                daisy::SaiHandle::StartDma(long*, long*, unsigned int, void (*)(long*, long*, unsigned int))
 .text._ZN5daisy9SaiHandle13GetSampleRateEv
                0x00000000080050e8       0x24 ./libDaisy//build/libdaisy.a(sai.o)
                0x00000000080050e8                daisy::SaiHandle::GetSampleRate()
 .text._ZNK5daisy9SaiHandle9GetOffsetEv
                0x000000000800510c        0x8 ./libDaisy//build/libdaisy.a(sai.o)
                0x000000000800510c                daisy::SaiHandle::GetOffset() const
 .text._ZN5daisy9SpiHandle4Impl7InitDmaEv
                0x0000000008005114       0xec ./libDaisy//build/libdaisy.a(spi.o)
                0x0000000008005114                daisy::SpiHandle::Impl::InitDma()
 .text._ZN5daisy9SpiHandle4Impl10StartDmaTxEPhjPFvPvEPFvS3_NS0_6ResultEES3_
                0x0000000008005200       0xc8 ./libDaisy//build/libdaisy.a(spi.o)
                0x0000000008005200                daisy::SpiHandle::Impl::StartDmaTx(unsigned char*, unsigned int, void (*)(void*), void (*)(void*, daisy::SpiHandle::Result), void*)
 .text._ZN5daisy9SpiHandle4Impl10StartDmaRxEPhjPFvPvEPFvS3_NS0_6ResultEES3_
                0x00000000080052c8       0xc8 ./libDaisy//build/libdaisy.a(spi.o)
                0x00000000080052c8                daisy::SpiHandle::Impl::StartDmaRx(unsigned char*, unsigned int, void (*)(void*), void (*)(void*, daisy::SpiHandle::Result), void*)
 .text._ZN5daisy9SpiHandle4Impl12StartDmaRxTxEPhS2_jPFvPvEPFvS3_NS0_6ResultEES3_
                0x0000000008005390       0xcc ./libDaisy//build/libdaisy.a(spi.o)
                0x0000000008005390                daisy::SpiHandle::Impl::StartDmaRxTx(unsigned char*, unsigned char*, unsigned int, void (*)(void*), void (*)(void*, daisy::SpiHandle::Result), void*)
 .text._ZN5daisy9SpiHandle4Impl8InitPinsEv
                0x000000000800545c      0x274 ./libDaisy//build/libdaisy.a(spi.o)
                0x000000000800545c                daisy::SpiHandle::Impl::InitPins()
 .text.HAL_SPI_MspInit
                0x00000000080056d0      0x1a8 ./libDaisy//build/libdaisy.a(spi.o)
                0x00000000080056d0                HAL_SPI_MspInit
 .text.dsy_spi_global_init
                0x0000000008005878       0x80 ./libDaisy//build/libdaisy.a(spi.o)
                0x0000000008005878                dsy_spi_global_init
 .text.SPI1_IRQHandler
                0x00000000080058f8        0xc ./libDaisy//build/libdaisy.a(spi.o)
                0x00000000080058f8                SPI1_IRQHandler
 .text.SPI2_IRQHandler
                0x0000000008005904        0xc ./libDaisy//build/libdaisy.a(spi.o)
                0x0000000008005904                SPI2_IRQHandler
 .text.SPI3_IRQHandler
                0x0000000008005910        0xc ./libDaisy//build/libdaisy.a(spi.o)
                0x0000000008005910                SPI3_IRQHandler
 .text.SPI4_IRQHandler
                0x000000000800591c        0xc ./libDaisy//build/libdaisy.a(spi.o)
                0x000000000800591c                SPI4_IRQHandler
 .text.SPI5_IRQHandler
                0x0000000008005928        0xc ./libDaisy//build/libdaisy.a(spi.o)
                0x0000000008005928                SPI5_IRQHandler
 .text.DMA2_Stream2_IRQHandler
                0x0000000008005934       0x34 ./libDaisy//build/libdaisy.a(spi.o)
                0x0000000008005934                DMA2_Stream2_IRQHandler
 .text.DMA2_Stream3_IRQHandler
                0x0000000008005968       0x38 ./libDaisy//build/libdaisy.a(spi.o)
                0x0000000008005968                DMA2_Stream3_IRQHandler
 .text.HAL_SPI_TxCpltCallback
                0x00000000080059a0       0xc4 ./libDaisy//build/libdaisy.a(spi.o)
                0x00000000080059a0                HAL_SPI_TxCpltCallback
 .text.HAL_SPI_RxCpltCallback
                0x0000000008005a64       0xc4 ./libDaisy//build/libdaisy.a(spi.o)
                0x0000000008005a64                HAL_SPI_RxCpltCallback
 .text.HAL_SPI_TxRxCpltCallback
                0x0000000008005b28       0xc4 ./libDaisy//build/libdaisy.a(spi.o)
                0x0000000008005b28                HAL_SPI_TxRxCpltCallback
 .text.HAL_SPI_ErrorCallback
                0x0000000008005bec       0xc8 ./libDaisy//build/libdaisy.a(spi.o)
                0x0000000008005bec                HAL_SPI_ErrorCallback
 .text._ZN5daisy9SpiHandle4InitERKNS0_6ConfigE
                0x0000000008005cb4      0x110 ./libDaisy//build/libdaisy.a(spi.o)
                0x0000000008005cb4                daisy::SpiHandle::Init(daisy::SpiHandle::Config const&)
 .text._ZN5daisy9SpiHandle16BlockingTransmitEPhjm
                0x0000000008005dc4       0x14 ./libDaisy//build/libdaisy.a(spi.o)
                0x0000000008005dc4                daisy::SpiHandle::BlockingTransmit(unsigned char*, unsigned int, unsigned long)
 .text._ZN5daisy9SpiHandle11DmaTransmitEPhjPFvPvEPFvS2_NS0_6ResultEES2_
                0x0000000008005dd8       0x6c ./libDaisy//build/libdaisy.a(spi.o)
                0x0000000008005dd8                daisy::SpiHandle::DmaTransmit(unsigned char*, unsigned int, void (*)(void*), void (*)(void*, daisy::SpiHandle::Result), void*)
 .text.startup._GLOBAL__sub_I__Z19MapInstanceToHandleP11SPI_TypeDef
                0x0000000008005e44      0x1b0 ./libDaisy//build/libdaisy.a(spi.o)
 .text._ZN5daisy11TimerHandleD2Ev
                0x0000000008005ff4        0x4 ./libDaisy//build/libdaisy.a(system.o)
                0x0000000008005ff4                daisy::TimerHandle::~TimerHandle()
                0x0000000008005ff4                daisy::TimerHandle::~TimerHandle()
 .text.SysTick_Handler
                0x0000000008005ff8       0x10 ./libDaisy//build/libdaisy.a(system.o)
                0x0000000008005ff8                SysTick_Handler
 .text.OTG_HS_EP1_OUT_IRQHandler
                0x0000000008006008       0x24 ./libDaisy//build/libdaisy.a(system.o)
                0x0000000008006008                OTG_HS_EP1_OUT_IRQHandler
 .text.OTG_HS_EP1_IN_IRQHandler
                0x000000000800602c       0x24 ./libDaisy//build/libdaisy.a(system.o)
                0x000000000800602c                OTG_HS_EP1_IN_IRQHandler
 .text.OTG_HS_IRQHandler
                0x0000000008006050       0x24 ./libDaisy//build/libdaisy.a(system.o)
                0x0000000008006050                OTG_HS_IRQHandler
 .text.HardFault_Handler
                0x0000000008006074       0xe0 ./libDaisy//build/libdaisy.a(system.o)
                0x0000000008006074                HardFault_Handler
 .text._ZN5daisy6System6GetNowEv
                0x0000000008006154        0x4 ./libDaisy//build/libdaisy.a(system.o)
                0x0000000008006154                daisy::System::GetNow()
 .text._ZN5daisy6System5DelayEm
                0x0000000008006158        0x4 ./libDaisy//build/libdaisy.a(system.o)
                0x0000000008006158                daisy::System::Delay(unsigned long)
 .text._ZN5daisy6System20GetBootloaderVersionEv
                0x000000000800615c       0x34 ./libDaisy//build/libdaisy.a(system.o)
                0x000000000800615c                daisy::System::GetBootloaderVersion()
 .text._ZN5daisy6System15ConfigureClocksEv
                0x0000000008006190      0x194 ./libDaisy//build/libdaisy.a(system.o)
                0x0000000008006190                daisy::System::ConfigureClocks()
 .text._ZN5daisy6System12ConfigureMpuEv
                0x0000000008006324       0x7c ./libDaisy//build/libdaisy.a(system.o)
                0x0000000008006324                daisy::System::ConfigureMpu()
 .text._ZN5daisy6System4InitERKNS0_6ConfigE
                0x00000000080063a0       0xec ./libDaisy//build/libdaisy.a(system.o)
                0x00000000080063a0                daisy::System::Init(daisy::System::Config const&)
 .text._ZN5daisy6System12GetPClk1FreqEv
                0x000000000800648c        0x4 ./libDaisy//build/libdaisy.a(system.o)
                0x000000000800648c                daisy::System::GetPClk1Freq()
 .text._ZN5daisy6System12GetPClk2FreqEv
                0x0000000008006490        0x4 ./libDaisy//build/libdaisy.a(system.o)
                0x0000000008006490                daisy::System::GetPClk2Freq()
 .text._ZN5daisy6System22GetProgramMemoryRegionEv
                0x0000000008006494       0x78 ./libDaisy//build/libdaisy.a(system.o)
                0x0000000008006494                daisy::System::GetProgramMemoryRegion()
 .text.startup._GLOBAL__sub_I__ZN5daisy9boot_infoE
                0x000000000800650c       0x1c ./libDaisy//build/libdaisy.a(system.o)
 .text.SystemInit
                0x0000000008006528       0x9c ./libDaisy//build/libdaisy.a(system_stm32h7xx.o)
                0x0000000008006528                SystemInit
 .text.dummy_rx_callback
                0x00000000080065c4        0x4 ./libDaisy//build/libdaisy.a(usbd_cdc_if.o)
                0x00000000080065c4                dummy_rx_callback
 .text.CDC_DeInit_FS
                0x00000000080065c8        0x4 ./libDaisy//build/libdaisy.a(usbd_cdc_if.o)
 .text.CDC_Receive_FS
                0x00000000080065cc       0x2c ./libDaisy//build/libdaisy.a(usbd_cdc_if.o)
 .text.CDC_Receive_HS
                0x00000000080065f8       0x2c ./libDaisy//build/libdaisy.a(usbd_cdc_if.o)
 .text.CDC_Init_FS
                0x0000000008006624       0x3c ./libDaisy//build/libdaisy.a(usbd_cdc_if.o)
 .text.CDC_Init_HS
                0x0000000008006660       0x3c ./libDaisy//build/libdaisy.a(usbd_cdc_if.o)
 .text.CDC_Control_FS
                0x000000000800669c       0x34 ./libDaisy//build/libdaisy.a(usbd_cdc_if.o)
 .text.CDC_Control_HS
                0x00000000080066d0       0x34 ./libDaisy//build/libdaisy.a(usbd_cdc_if.o)
 .text.CDC_DeInit_HS
                0x0000000008006704        0x4 ./libDaisy//build/libdaisy.a(usbd_cdc_if.o)
 .text.CDC_Transmit_FS
                0x0000000008006708       0x2c ./libDaisy//build/libdaisy.a(usbd_cdc_if.o)
                0x0000000008006708                CDC_Transmit_FS
 .text.HAL_PCD_MspInit
                0x0000000008006734      0x144 ./libDaisy//build/libdaisy.a(usbd_conf.o)
                0x0000000008006734                HAL_PCD_MspInit
 .text.HAL_PCD_SetupStageCallback
                0x0000000008006878        0xc ./libDaisy//build/libdaisy.a(usbd_conf.o)
                0x0000000008006878                HAL_PCD_SetupStageCallback
 .text.HAL_PCD_DataOutStageCallback
                0x0000000008006884       0x14 ./libDaisy//build/libdaisy.a(usbd_conf.o)
                0x0000000008006884                HAL_PCD_DataOutStageCallback
 .text.HAL_PCD_DataInStageCallback
                0x0000000008006898       0x14 ./libDaisy//build/libdaisy.a(usbd_conf.o)
                0x0000000008006898                HAL_PCD_DataInStageCallback
 .text.HAL_PCD_SOFCallback
                0x00000000080068ac        0x8 ./libDaisy//build/libdaisy.a(usbd_conf.o)
                0x00000000080068ac                HAL_PCD_SOFCallback
 .text.HAL_PCD_ResetCallback
                0x00000000080068b4       0x24 ./libDaisy//build/libdaisy.a(usbd_conf.o)
                0x00000000080068b4                HAL_PCD_ResetCallback
 .text.HAL_PCD_SuspendCallback
                0x00000000080068d8       0x30 ./libDaisy//build/libdaisy.a(usbd_conf.o)
                0x00000000080068d8                HAL_PCD_SuspendCallback
 .text.HAL_PCD_ResumeCallback
                0x0000000008006908        0x8 ./libDaisy//build/libdaisy.a(usbd_conf.o)
                0x0000000008006908                HAL_PCD_ResumeCallback
 .text.HAL_PCD_ISOOUTIncompleteCallback
                0x0000000008006910        0x8 ./libDaisy//build/libdaisy.a(usbd_conf.o)
                0x0000000008006910                HAL_PCD_ISOOUTIncompleteCallback
 .text.HAL_PCD_ISOINIncompleteCallback
                0x0000000008006918        0x8 ./libDaisy//build/libdaisy.a(usbd_conf.o)
                0x0000000008006918                HAL_PCD_ISOINIncompleteCallback
 .text.HAL_PCD_ConnectCallback
                0x0000000008006920        0x8 ./libDaisy//build/libdaisy.a(usbd_conf.o)
                0x0000000008006920                HAL_PCD_ConnectCallback
 .text.HAL_PCD_DisconnectCallback
                0x0000000008006928        0x8 ./libDaisy//build/libdaisy.a(usbd_conf.o)
                0x0000000008006928                HAL_PCD_DisconnectCallback
 .text.USBD_LL_Init
                0x0000000008006930       0xe4 ./libDaisy//build/libdaisy.a(usbd_conf.o)
                0x0000000008006930                USBD_LL_Init
 .text.USBD_LL_Start
                0x0000000008006a14       0x1c ./libDaisy//build/libdaisy.a(usbd_conf.o)
                0x0000000008006a14                USBD_LL_Start
 .text.USBD_LL_OpenEP
                0x0000000008006a30       0x24 ./libDaisy//build/libdaisy.a(usbd_conf.o)
                0x0000000008006a30                USBD_LL_OpenEP
 .text.USBD_LL_CloseEP
                0x0000000008006a54       0x1c ./libDaisy//build/libdaisy.a(usbd_conf.o)
                0x0000000008006a54                USBD_LL_CloseEP
 .text.USBD_LL_StallEP
                0x0000000008006a70       0x1c ./libDaisy//build/libdaisy.a(usbd_conf.o)
                0x0000000008006a70                USBD_LL_StallEP
 .text.USBD_LL_ClearStallEP
                0x0000000008006a8c       0x1c ./libDaisy//build/libdaisy.a(usbd_conf.o)
                0x0000000008006a8c                USBD_LL_ClearStallEP
 .text.USBD_LL_IsStallEP
                0x0000000008006aa8       0x28 ./libDaisy//build/libdaisy.a(usbd_conf.o)
                0x0000000008006aa8                USBD_LL_IsStallEP
 .text.USBD_LL_SetUSBAddress
                0x0000000008006ad0       0x1c ./libDaisy//build/libdaisy.a(usbd_conf.o)
                0x0000000008006ad0                USBD_LL_SetUSBAddress
 .text.USBD_LL_Transmit
                0x0000000008006aec       0x1c ./libDaisy//build/libdaisy.a(usbd_conf.o)
                0x0000000008006aec                USBD_LL_Transmit
 .text.USBD_LL_PrepareReceive
                0x0000000008006b08       0x1c ./libDaisy//build/libdaisy.a(usbd_conf.o)
                0x0000000008006b08                USBD_LL_PrepareReceive
 .text.USBD_LL_GetRxDataSize
                0x0000000008006b24        0x8 ./libDaisy//build/libdaisy.a(usbd_conf.o)
                0x0000000008006b24                USBD_LL_GetRxDataSize
 .text.USBD_HS_DeviceDescriptor
                0x0000000008006b2c        0xc ./libDaisy//build/libdaisy.a(usbd_desc.o)
                0x0000000008006b2c                USBD_HS_DeviceDescriptor
 .text.USBD_FS_DeviceDescriptor
                0x0000000008006b38        0xc ./libDaisy//build/libdaisy.a(usbd_desc.o)
                0x0000000008006b38                USBD_FS_DeviceDescriptor
 .text.USBD_FS_LangIDStrDescriptor
                0x0000000008006b44        0xc ./libDaisy//build/libdaisy.a(usbd_desc.o)
                0x0000000008006b44                USBD_FS_LangIDStrDescriptor
 .text.USBD_FS_ManufacturerStrDescriptor
                0x0000000008006b50       0x1c ./libDaisy//build/libdaisy.a(usbd_desc.o)
                0x0000000008006b50                USBD_FS_ManufacturerStrDescriptor
 .text.USBD_HS_ProductStrDescriptor
                0x0000000008006b6c       0x1c ./libDaisy//build/libdaisy.a(usbd_desc.o)
                0x0000000008006b6c                USBD_HS_ProductStrDescriptor
 .text.USBD_FS_ConfigStrDescriptor
                0x0000000008006b88       0x1c ./libDaisy//build/libdaisy.a(usbd_desc.o)
                0x0000000008006b88                USBD_FS_ConfigStrDescriptor
 .text.USBD_FS_InterfaceStrDescriptor
                0x0000000008006ba4       0x1c ./libDaisy//build/libdaisy.a(usbd_desc.o)
                0x0000000008006ba4                USBD_FS_InterfaceStrDescriptor
 .text.USBD_FS_ProductStrDescriptor
                0x0000000008006bc0       0x1c ./libDaisy//build/libdaisy.a(usbd_desc.o)
                0x0000000008006bc0                USBD_FS_ProductStrDescriptor
 .text.USBD_HS_LangIDStrDescriptor
                0x0000000008006bdc        0xc ./libDaisy//build/libdaisy.a(usbd_desc.o)
                0x0000000008006bdc                USBD_HS_LangIDStrDescriptor
 .text.USBD_HS_ManufacturerStrDescriptor
                0x0000000008006be8       0x1c ./libDaisy//build/libdaisy.a(usbd_desc.o)
                0x0000000008006be8                USBD_HS_ManufacturerStrDescriptor
 .text.USBD_FS_SerialStrDescriptor
                0x0000000008006c04      0x124 ./libDaisy//build/libdaisy.a(usbd_desc.o)
                0x0000000008006c04                USBD_FS_SerialStrDescriptor
 .text.USBD_HS_SerialStrDescriptor
                0x0000000008006d28      0x124 ./libDaisy//build/libdaisy.a(usbd_desc.o)
                0x0000000008006d28                USBD_HS_SerialStrDescriptor
 .text.USBD_HS_InterfaceStrDescriptor
                0x0000000008006e4c       0x1c ./libDaisy//build/libdaisy.a(usbd_desc.o)
                0x0000000008006e4c                USBD_HS_InterfaceStrDescriptor
 .text.USBD_HS_ConfigStrDescriptor
                0x0000000008006e68       0x1c ./libDaisy//build/libdaisy.a(usbd_desc.o)
                0x0000000008006e68                USBD_HS_ConfigStrDescriptor
 .text.HAL_HCD_SOF_Callback
                0x0000000008006e84        0x8 ./libDaisy//build/libdaisy.a(usbh_conf.o)
                0x0000000008006e84                HAL_HCD_SOF_Callback
 .text.HAL_HCD_Connect_Callback
                0x0000000008006e8c        0x8 ./libDaisy//build/libdaisy.a(usbh_conf.o)
                0x0000000008006e8c                HAL_HCD_Connect_Callback
 .text.HAL_HCD_Disconnect_Callback
                0x0000000008006e94        0x8 ./libDaisy//build/libdaisy.a(usbh_conf.o)
                0x0000000008006e94                HAL_HCD_Disconnect_Callback
 .text.HAL_HCD_HC_NotifyURBChange_Callback
                0x0000000008006e9c        0x4 ./libDaisy//build/libdaisy.a(usbh_conf.o)
                0x0000000008006e9c                HAL_HCD_HC_NotifyURBChange_Callback
 .text.HAL_HCD_PortEnabled_Callback
                0x0000000008006ea0        0x8 ./libDaisy//build/libdaisy.a(usbh_conf.o)
                0x0000000008006ea0                HAL_HCD_PortEnabled_Callback
 .text.HAL_HCD_PortDisabled_Callback
                0x0000000008006ea8        0x8 ./libDaisy//build/libdaisy.a(usbh_conf.o)
                0x0000000008006ea8                HAL_HCD_PortDisabled_Callback
 .text.USBH_LL_Stop
                0x0000000008006eb0       0x1c ./libDaisy//build/libdaisy.a(usbh_conf.o)
                0x0000000008006eb0                USBH_LL_Stop
 .text.dsy_hal_map_get_port
                0x0000000008006ecc       0x10 ./libDaisy//build/libdaisy.a(hal_map.o)
                0x0000000008006ecc                dsy_hal_map_get_port
 .text.dsy_hal_map_get_pin
                0x0000000008006edc       0x10 ./libDaisy//build/libdaisy.a(hal_map.o)
                0x0000000008006edc                dsy_hal_map_get_pin
 .text.dsy_hal_map_gpio_clk_enable
                0x0000000008006eec      0x150 ./libDaisy//build/libdaisy.a(hal_map.o)
                0x0000000008006eec                dsy_hal_map_gpio_clk_enable
 .text.HAL_MspInit
                0x000000000800703c        0x4 ./libDaisy//build/libdaisy.a(stm32h7xx_hal.o)
                0x000000000800703c                HAL_MspInit
 .text.HAL_InitTick
                0x0000000008007040       0x4c ./libDaisy//build/libdaisy.a(stm32h7xx_hal.o)
                0x0000000008007040                HAL_InitTick
 .text.HAL_Init
                0x000000000800708c       0x60 ./libDaisy//build/libdaisy.a(stm32h7xx_hal.o)
                0x000000000800708c                HAL_Init
 .text.HAL_IncTick
                0x00000000080070ec       0x18 ./libDaisy//build/libdaisy.a(stm32h7xx_hal.o)
                0x00000000080070ec                HAL_IncTick
 .text.HAL_GetTick
                0x0000000008007104        0xc ./libDaisy//build/libdaisy.a(stm32h7xx_hal.o)
                0x0000000008007104                HAL_GetTick
 .text.HAL_Delay
                0x0000000008007110       0x24 ./libDaisy//build/libdaisy.a(stm32h7xx_hal.o)
                0x0000000008007110                HAL_Delay
 .text.HAL_GetREVID
                0x0000000008007134        0xc ./libDaisy//build/libdaisy.a(stm32h7xx_hal.o)
                0x0000000008007134                HAL_GetREVID
 .text.HAL_ADC_ConvHalfCpltCallback
                0x0000000008007140        0x4 ./libDaisy//build/libdaisy.a(stm32h7xx_hal_adc.o)
                0x0000000008007140                HAL_ADC_ConvHalfCpltCallback
 .text.ADC_DMAHalfConvCplt
                0x0000000008007144        0xc ./libDaisy//build/libdaisy.a(stm32h7xx_hal_adc.o)
                0x0000000008007144                ADC_DMAHalfConvCplt
 .text.ADC_DMAConvCplt
                0x0000000008007150       0x6c ./libDaisy//build/libdaisy.a(stm32h7xx_hal_adc.o)
                0x0000000008007150                ADC_DMAConvCplt
 .text.ADC_DMAError
                0x00000000080071bc       0x1c ./libDaisy//build/libdaisy.a(stm32h7xx_hal_adc.o)
                0x00000000080071bc                ADC_DMAError
 .text.HAL_ADC_ConfigChannel
                0x00000000080071d8      0x3fc ./libDaisy//build/libdaisy.a(stm32h7xx_hal_adc.o)
                0x00000000080071d8                HAL_ADC_ConfigChannel
 .text.ADC_Enable
                0x00000000080075d4       0xac ./libDaisy//build/libdaisy.a(stm32h7xx_hal_adc.o)
                0x00000000080075d4                ADC_Enable
 .text.HAL_ADC_Start_DMA
                0x0000000008007680      0x114 ./libDaisy//build/libdaisy.a(stm32h7xx_hal_adc.o)
                0x0000000008007680                HAL_ADC_Start_DMA
 .text.ADC_Disable
                0x0000000008007794       0x68 ./libDaisy//build/libdaisy.a(stm32h7xx_hal_adc.o)
                0x0000000008007794                ADC_Disable
 .text.ADC_ConfigureBoostMode
                0x00000000080077fc      0x184 ./libDaisy//build/libdaisy.a(stm32h7xx_hal_adc.o)
                0x00000000080077fc                ADC_ConfigureBoostMode
 .text.HAL_ADC_Init
                0x0000000008007980      0x218 ./libDaisy//build/libdaisy.a(stm32h7xx_hal_adc.o)
                0x0000000008007980                HAL_ADC_Init
 .text.HAL_ADCEx_Calibration_Start
                0x0000000008007b98       0xa4 ./libDaisy//build/libdaisy.a(stm32h7xx_hal_adc_ex.o)
                0x0000000008007b98                HAL_ADCEx_Calibration_Start
 .text.HAL_ADCEx_MultiModeConfigChannel
                0x0000000008007c3c       0xc4 ./libDaisy//build/libdaisy.a(stm32h7xx_hal_adc_ex.o)
                0x0000000008007c3c                HAL_ADCEx_MultiModeConfigChannel
 .text.HAL_NVIC_SetPriorityGrouping
                0x0000000008007d00       0x24 ./libDaisy//build/libdaisy.a(stm32h7xx_hal_cortex.o)
                0x0000000008007d00                HAL_NVIC_SetPriorityGrouping
 .text.HAL_NVIC_SetPriority
                0x0000000008007d24       0x7c ./libDaisy//build/libdaisy.a(stm32h7xx_hal_cortex.o)
                0x0000000008007d24                HAL_NVIC_SetPriority
 .text.HAL_NVIC_EnableIRQ
                0x0000000008007da0       0x1c ./libDaisy//build/libdaisy.a(stm32h7xx_hal_cortex.o)
                0x0000000008007da0                HAL_NVIC_EnableIRQ
 .text.HAL_NVIC_DisableIRQ
                0x0000000008007dbc       0x28 ./libDaisy//build/libdaisy.a(stm32h7xx_hal_cortex.o)
                0x0000000008007dbc                HAL_NVIC_DisableIRQ
 .text.HAL_SYSTICK_Config
                0x0000000008007de4       0x2c ./libDaisy//build/libdaisy.a(stm32h7xx_hal_cortex.o)
                0x0000000008007de4                HAL_SYSTICK_Config
 .text.HAL_MPU_Disable
                0x0000000008007e10       0x1c ./libDaisy//build/libdaisy.a(stm32h7xx_hal_cortex.o)
                0x0000000008007e10                HAL_MPU_Disable
 .text.HAL_MPU_Enable
                0x0000000008007e2c       0x20 ./libDaisy//build/libdaisy.a(stm32h7xx_hal_cortex.o)
                0x0000000008007e2c                HAL_MPU_Enable
 .text.HAL_MPU_ConfigRegion
                0x0000000008007e4c       0x64 ./libDaisy//build/libdaisy.a(stm32h7xx_hal_cortex.o)
                0x0000000008007e4c                HAL_MPU_ConfigRegion
 .text.HAL_SYSTICK_Callback
                0x0000000008007eb0        0x4 ./libDaisy//build/libdaisy.a(stm32h7xx_hal_cortex.o)
                0x0000000008007eb0                HAL_SYSTICK_Callback
 .text.HAL_SYSTICK_IRQHandler
                0x0000000008007eb4        0x8 ./libDaisy//build/libdaisy.a(stm32h7xx_hal_cortex.o)
                0x0000000008007eb4                HAL_SYSTICK_IRQHandler
 .text.HAL_DAC_Init
                0x0000000008007ebc       0x2c ./libDaisy//build/libdaisy.a(stm32h7xx_hal_dac.o)
                0x0000000008007ebc                HAL_DAC_Init
 .text.HAL_DAC_Start_DMA
                0x0000000008007ee8      0x118 ./libDaisy//build/libdaisy.a(stm32h7xx_hal_dac.o)
                0x0000000008007ee8                HAL_DAC_Start_DMA
 .text.HAL_DAC_Stop_DMA
                0x0000000008008000       0x5c ./libDaisy//build/libdaisy.a(stm32h7xx_hal_dac.o)
                0x0000000008008000                HAL_DAC_Stop_DMA
 .text.DAC_DMAConvCpltCh1
                0x000000000800805c       0x10 ./libDaisy//build/libdaisy.a(stm32h7xx_hal_dac.o)
 .text.DAC_DMAHalfConvCpltCh1
                0x000000000800806c        0xc ./libDaisy//build/libdaisy.a(stm32h7xx_hal_dac.o)
 .text.HAL_DAC_ErrorCallbackCh1
                0x0000000008008078        0x4 ./libDaisy//build/libdaisy.a(stm32h7xx_hal_dac.o)
                0x0000000008008078                HAL_DAC_ErrorCallbackCh1
 .text.DAC_DMAErrorCh1
                0x000000000800807c       0x18 ./libDaisy//build/libdaisy.a(stm32h7xx_hal_dac.o)
 .text.HAL_DAC_DMAUnderrunCallbackCh1
                0x0000000008008094        0x4 ./libDaisy//build/libdaisy.a(stm32h7xx_hal_dac.o)
                0x0000000008008094                HAL_DAC_DMAUnderrunCallbackCh1
 .text.HAL_DAC_IRQHandler
                0x0000000008008098       0x68 ./libDaisy//build/libdaisy.a(stm32h7xx_hal_dac.o)
                0x0000000008008098                HAL_DAC_IRQHandler
 .text.HAL_DAC_ConfigChannel
                0x0000000008008100      0x130 ./libDaisy//build/libdaisy.a(stm32h7xx_hal_dac.o)
                0x0000000008008100                HAL_DAC_ConfigChannel
 .text.HAL_DACEx_ErrorCallbackCh2
                0x0000000008008230        0x4 ./libDaisy//build/libdaisy.a(stm32h7xx_hal_dac_ex.o)
                0x0000000008008230                HAL_DACEx_ErrorCallbackCh2
 .text.HAL_DACEx_DMAUnderrunCallbackCh2
                0x0000000008008234        0x4 ./libDaisy//build/libdaisy.a(stm32h7xx_hal_dac_ex.o)
                0x0000000008008234                HAL_DACEx_DMAUnderrunCallbackCh2
 .text.DAC_DMAConvCpltCh2
                0x0000000008008238       0x10 ./libDaisy//build/libdaisy.a(stm32h7xx_hal_dac_ex.o)
                0x0000000008008238                DAC_DMAConvCpltCh2
 .text.DAC_DMAHalfConvCpltCh2
                0x0000000008008248        0xc ./libDaisy//build/libdaisy.a(stm32h7xx_hal_dac_ex.o)
                0x0000000008008248                DAC_DMAHalfConvCpltCh2
 .text.DAC_DMAErrorCh2
                0x0000000008008254       0x18 ./libDaisy//build/libdaisy.a(stm32h7xx_hal_dac_ex.o)
                0x0000000008008254                DAC_DMAErrorCh2
 .text.DMA_CalcBaseAndBitshift
                0x000000000800826c       0xf4 ./libDaisy//build/libdaisy.a(stm32h7xx_hal_dma.o)
 .text.DMA_CalcDMAMUXChannelBaseAndMask
                0x0000000008008360       0xd8 ./libDaisy//build/libdaisy.a(stm32h7xx_hal_dma.o)
 .text.HAL_DMA_Init
                0x0000000008008438      0x37c ./libDaisy//build/libdaisy.a(stm32h7xx_hal_dma.o)
                0x0000000008008438                HAL_DMA_Init
 .text.HAL_DMA_Start_IT
                0x00000000080087b4      0x240 ./libDaisy//build/libdaisy.a(stm32h7xx_hal_dma.o)
                0x00000000080087b4                HAL_DMA_Start_IT
 .text.HAL_DMA_Abort
                0x00000000080089f4      0x21c ./libDaisy//build/libdaisy.a(stm32h7xx_hal_dma.o)
                0x00000000080089f4                HAL_DMA_Abort
 .text.HAL_DMA_Abort_IT
                0x0000000008008c10      0x134 ./libDaisy//build/libdaisy.a(stm32h7xx_hal_dma.o)
                0x0000000008008c10                HAL_DMA_Abort_IT
 .text.HAL_DMA_IRQHandler
                0x0000000008008d44      0x6a0 ./libDaisy//build/libdaisy.a(stm32h7xx_hal_dma.o)
                0x0000000008008d44                HAL_DMA_IRQHandler
 .text.HAL_DMA_GetError
                0x00000000080093e4        0x4 ./libDaisy//build/libdaisy.a(stm32h7xx_hal_dma.o)
                0x00000000080093e4                HAL_DMA_GetError
 .text.HAL_GPIO_Init
                0x00000000080093e8      0x280 ./libDaisy//build/libdaisy.a(stm32h7xx_hal_gpio.o)
                0x00000000080093e8                HAL_GPIO_Init
 .text.HAL_GPIO_DeInit
                0x0000000008009668      0x190 ./libDaisy//build/libdaisy.a(stm32h7xx_hal_gpio.o)
                0x0000000008009668                HAL_GPIO_DeInit
 .text.HAL_GPIO_ReadPin
                0x00000000080097f8        0xc ./libDaisy//build/libdaisy.a(stm32h7xx_hal_gpio.o)
                0x00000000080097f8                HAL_GPIO_ReadPin
 .text.HAL_GPIO_WritePin
                0x0000000008009804        0x8 ./libDaisy//build/libdaisy.a(stm32h7xx_hal_gpio.o)
                0x0000000008009804                HAL_GPIO_WritePin
 .text.HAL_HCD_IRQHandler
                0x000000000800980c      0x780 ./libDaisy//build/libdaisy.a(stm32h7xx_hal_hcd.o)
                0x000000000800980c                HAL_HCD_IRQHandler
 .text.HAL_HCD_Stop
                0x0000000008009f8c       0x28 ./libDaisy//build/libdaisy.a(stm32h7xx_hal_hcd.o)
                0x0000000008009f8c                HAL_HCD_Stop
 .text.I2C_WaitOnTXISFlagUntilTimeout
                0x0000000008009fb4       0xb8 ./libDaisy//build/libdaisy.a(stm32h7xx_hal_i2c.o)
 .text.I2C_WaitOnSTOPFlagUntilTimeout
                0x000000000800a06c       0xac ./libDaisy//build/libdaisy.a(stm32h7xx_hal_i2c.o)
 .text.HAL_I2C_Init
                0x000000000800a118       0xac ./libDaisy//build/libdaisy.a(stm32h7xx_hal_i2c.o)
                0x000000000800a118                HAL_I2C_Init
 .text.HAL_I2C_Mem_Write
                0x000000000800a1c4      0x254 ./libDaisy//build/libdaisy.a(stm32h7xx_hal_i2c.o)
                0x000000000800a1c4                HAL_I2C_Mem_Write
 .text.HAL_I2C_Mem_Read
                0x000000000800a418      0x29c ./libDaisy//build/libdaisy.a(stm32h7xx_hal_i2c.o)
                0x000000000800a418                HAL_I2C_Mem_Read
 .text.HAL_I2C_EV_IRQHandler
                0x000000000800a6b4       0x10 ./libDaisy//build/libdaisy.a(stm32h7xx_hal_i2c.o)
                0x000000000800a6b4                HAL_I2C_EV_IRQHandler
 .text.HAL_I2C_GetState
                0x000000000800a6c4        0x8 ./libDaisy//build/libdaisy.a(stm32h7xx_hal_i2c.o)
                0x000000000800a6c4                HAL_I2C_GetState
 .text.HAL_I2CEx_ConfigAnalogFilter
                0x000000000800a6cc       0x54 ./libDaisy//build/libdaisy.a(stm32h7xx_hal_i2c_ex.o)
                0x000000000800a6cc                HAL_I2CEx_ConfigAnalogFilter
 .text.HAL_I2CEx_ConfigDigitalFilter
                0x000000000800a720       0x58 ./libDaisy//build/libdaisy.a(stm32h7xx_hal_i2c_ex.o)
                0x000000000800a720                HAL_I2CEx_ConfigDigitalFilter
 .text.HAL_PCD_Init
                0x000000000800a778      0x12c ./libDaisy//build/libdaisy.a(stm32h7xx_hal_pcd.o)
                0x000000000800a778                HAL_PCD_Init
 .text.HAL_PCD_Start
                0x000000000800a8a4       0x44 ./libDaisy//build/libdaisy.a(stm32h7xx_hal_pcd.o)
                0x000000000800a8a4                HAL_PCD_Start
 .text.HAL_PCD_IRQHandler
                0x000000000800a8e8      0x69c ./libDaisy//build/libdaisy.a(stm32h7xx_hal_pcd.o)
                0x000000000800a8e8                HAL_PCD_IRQHandler
 .text.HAL_PCD_SetAddress
                0x000000000800af84       0x2c ./libDaisy//build/libdaisy.a(stm32h7xx_hal_pcd.o)
                0x000000000800af84                HAL_PCD_SetAddress
 .text.HAL_PCD_EP_Open
                0x000000000800afb0       0x7c ./libDaisy//build/libdaisy.a(stm32h7xx_hal_pcd.o)
                0x000000000800afb0                HAL_PCD_EP_Open
 .text.HAL_PCD_EP_Close
                0x000000000800b02c       0x6c ./libDaisy//build/libdaisy.a(stm32h7xx_hal_pcd.o)
                0x000000000800b02c                HAL_PCD_EP_Close
 .text.HAL_PCD_EP_Receive
                0x000000000800b098       0x50 ./libDaisy//build/libdaisy.a(stm32h7xx_hal_pcd.o)
                0x000000000800b098                HAL_PCD_EP_Receive
 .text.HAL_PCD_EP_GetRxCount
                0x000000000800b0e8       0x14 ./libDaisy//build/libdaisy.a(stm32h7xx_hal_pcd.o)
                0x000000000800b0e8                HAL_PCD_EP_GetRxCount
 .text.HAL_PCD_EP_Transmit
                0x000000000800b0fc       0x50 ./libDaisy//build/libdaisy.a(stm32h7xx_hal_pcd.o)
                0x000000000800b0fc                HAL_PCD_EP_Transmit
 .text.HAL_PCD_EP_SetStall
                0x000000000800b14c       0x88 ./libDaisy//build/libdaisy.a(stm32h7xx_hal_pcd.o)
                0x000000000800b14c                HAL_PCD_EP_SetStall
 .text.HAL_PCD_EP_ClrStall
                0x000000000800b1d4       0x78 ./libDaisy//build/libdaisy.a(stm32h7xx_hal_pcd.o)
                0x000000000800b1d4                HAL_PCD_EP_ClrStall
 .text.HAL_PCDEx_SetTxFiFo
                0x000000000800b24c       0x54 ./libDaisy//build/libdaisy.a(stm32h7xx_hal_pcd_ex.o)
                0x000000000800b24c                HAL_PCDEx_SetTxFiFo
 .text.HAL_PCDEx_SetRxFiFo
                0x000000000800b2a0        0xc ./libDaisy//build/libdaisy.a(stm32h7xx_hal_pcd_ex.o)
                0x000000000800b2a0                HAL_PCDEx_SetRxFiFo
 .text.HAL_PCDEx_ActivateLPM
                0x000000000800b2ac       0x30 ./libDaisy//build/libdaisy.a(stm32h7xx_hal_pcd_ex.o)
                0x000000000800b2ac                HAL_PCDEx_ActivateLPM
 .text.HAL_PCDEx_LPM_Callback
                0x000000000800b2dc        0x4 ./libDaisy//build/libdaisy.a(stm32h7xx_hal_pcd_ex.o)
                0x000000000800b2dc                HAL_PCDEx_LPM_Callback
 .text.HAL_PWREx_ConfigSupply
                0x000000000800b2e0       0x4c ./libDaisy//build/libdaisy.a(stm32h7xx_hal_pwr_ex.o)
                0x000000000800b2e0                HAL_PWREx_ConfigSupply
 .text.HAL_PWREx_EnableUSBVoltageDetector
                0x000000000800b32c       0x10 ./libDaisy//build/libdaisy.a(stm32h7xx_hal_pwr_ex.o)
                0x000000000800b32c                HAL_PWREx_EnableUSBVoltageDetector
 .text.QSPI_Config
                0x000000000800b33c      0x174 ./libDaisy//build/libdaisy.a(stm32h7xx_hal_qspi.o)
 .text.HAL_QSPI_Init
                0x000000000800b4b0       0xd8 ./libDaisy//build/libdaisy.a(stm32h7xx_hal_qspi.o)
                0x000000000800b4b0                HAL_QSPI_Init
 .text.HAL_QSPI_DeInit
                0x000000000800b588       0x3c ./libDaisy//build/libdaisy.a(stm32h7xx_hal_qspi.o)
                0x000000000800b588                HAL_QSPI_DeInit
 .text.HAL_QSPI_Command
                0x000000000800b5c4       0xd4 ./libDaisy//build/libdaisy.a(stm32h7xx_hal_qspi.o)
                0x000000000800b5c4                HAL_QSPI_Command
 .text.HAL_QSPI_Transmit
                0x000000000800b698       0xfc ./libDaisy//build/libdaisy.a(stm32h7xx_hal_qspi.o)
                0x000000000800b698                HAL_QSPI_Transmit
 .text.HAL_QSPI_Receive
                0x000000000800b794      0x108 ./libDaisy//build/libdaisy.a(stm32h7xx_hal_qspi.o)
                0x000000000800b794                HAL_QSPI_Receive
 .text.HAL_QSPI_AutoPolling
                0x000000000800b89c       0xf0 ./libDaisy//build/libdaisy.a(stm32h7xx_hal_qspi.o)
                0x000000000800b89c                HAL_QSPI_AutoPolling
 .text.HAL_QSPI_MemoryMapped
                0x000000000800b98c       0xc0 ./libDaisy//build/libdaisy.a(stm32h7xx_hal_qspi.o)
                0x000000000800b98c                HAL_QSPI_MemoryMapped
 .text.HAL_QSPI_ErrorCallback
                0x000000000800ba4c        0x4 ./libDaisy//build/libdaisy.a(stm32h7xx_hal_qspi.o)
                0x000000000800ba4c                HAL_QSPI_ErrorCallback
 .text.QSPI_DMAAbortCplt
                0x000000000800ba50       0x38 ./libDaisy//build/libdaisy.a(stm32h7xx_hal_qspi.o)
 .text.HAL_QSPI_AbortCpltCallback
                0x000000000800ba88        0x4 ./libDaisy//build/libdaisy.a(stm32h7xx_hal_qspi.o)
                0x000000000800ba88                HAL_QSPI_AbortCpltCallback
 .text.HAL_QSPI_CmdCpltCallback
                0x000000000800ba8c        0x4 ./libDaisy//build/libdaisy.a(stm32h7xx_hal_qspi.o)
                0x000000000800ba8c                HAL_QSPI_CmdCpltCallback
 .text.HAL_QSPI_RxCpltCallback
                0x000000000800ba90        0x4 ./libDaisy//build/libdaisy.a(stm32h7xx_hal_qspi.o)
                0x000000000800ba90                HAL_QSPI_RxCpltCallback
 .text.HAL_QSPI_TxCpltCallback
                0x000000000800ba94        0x4 ./libDaisy//build/libdaisy.a(stm32h7xx_hal_qspi.o)
                0x000000000800ba94                HAL_QSPI_TxCpltCallback
 .text.HAL_QSPI_FifoThresholdCallback
                0x000000000800ba98        0x4 ./libDaisy//build/libdaisy.a(stm32h7xx_hal_qspi.o)
                0x000000000800ba98                HAL_QSPI_FifoThresholdCallback
 .text.HAL_QSPI_StatusMatchCallback
                0x000000000800ba9c        0x4 ./libDaisy//build/libdaisy.a(stm32h7xx_hal_qspi.o)
                0x000000000800ba9c                HAL_QSPI_StatusMatchCallback
 .text.HAL_QSPI_TimeOutCallback
                0x000000000800baa0        0x4 ./libDaisy//build/libdaisy.a(stm32h7xx_hal_qspi.o)
                0x000000000800baa0                HAL_QSPI_TimeOutCallback
 .text.HAL_QSPI_IRQHandler
                0x000000000800baa4      0x210 ./libDaisy//build/libdaisy.a(stm32h7xx_hal_qspi.o)
                0x000000000800baa4                HAL_QSPI_IRQHandler
 .text.HAL_RCC_OscConfig
                0x000000000800bcb4      0x51c ./libDaisy//build/libdaisy.a(stm32h7xx_hal_rcc.o)
                0x000000000800bcb4                HAL_RCC_OscConfig
 .text.HAL_RCC_GetSysClockFreq
                0x000000000800c1d0      0x140 ./libDaisy//build/libdaisy.a(stm32h7xx_hal_rcc.o)
                0x000000000800c1d0                HAL_RCC_GetSysClockFreq
 .text.HAL_RCC_ClockConfig
                0x000000000800c310      0x234 ./libDaisy//build/libdaisy.a(stm32h7xx_hal_rcc.o)
                0x000000000800c310                HAL_RCC_ClockConfig
 .text.HAL_RCC_GetHCLKFreq
                0x000000000800c544       0x2c ./libDaisy//build/libdaisy.a(stm32h7xx_hal_rcc.o)
                0x000000000800c544                HAL_RCC_GetHCLKFreq
 .text.HAL_RCC_GetPCLK1Freq
                0x000000000800c570       0x38 ./libDaisy//build/libdaisy.a(stm32h7xx_hal_rcc.o)
                0x000000000800c570                HAL_RCC_GetPCLK1Freq
 .text.HAL_RCC_GetPCLK2Freq
                0x000000000800c5a8       0x38 ./libDaisy//build/libdaisy.a(stm32h7xx_hal_rcc.o)
                0x000000000800c5a8                HAL_RCC_GetPCLK2Freq
 .text.RCCEx_PLL2_Config
                0x000000000800c5e0       0xf4 ./libDaisy//build/libdaisy.a(stm32h7xx_hal_rcc_ex.o)
 .text.RCCEx_PLL3_Config
                0x000000000800c6d4       0xf4 ./libDaisy//build/libdaisy.a(stm32h7xx_hal_rcc_ex.o)
 .text.HAL_RCCEx_PeriphCLKConfig
                0x000000000800c7c8      0xa7c ./libDaisy//build/libdaisy.a(stm32h7xx_hal_rcc_ex.o)
                0x000000000800c7c8                HAL_RCCEx_PeriphCLKConfig
 .text.HAL_RCCEx_GetD3PCLK1Freq
                0x000000000800d244       0x24 ./libDaisy//build/libdaisy.a(stm32h7xx_hal_rcc_ex.o)
                0x000000000800d244                HAL_RCCEx_GetD3PCLK1Freq
 .text.HAL_RCCEx_GetPLL2ClockFreq
                0x000000000800d268      0x17c ./libDaisy//build/libdaisy.a(stm32h7xx_hal_rcc_ex.o)
                0x000000000800d268                HAL_RCCEx_GetPLL2ClockFreq
 .text.HAL_RCCEx_GetPLL3ClockFreq
                0x000000000800d3e4      0x17c ./libDaisy//build/libdaisy.a(stm32h7xx_hal_rcc_ex.o)
                0x000000000800d3e4                HAL_RCCEx_GetPLL3ClockFreq
 .text.HAL_RCCEx_GetPLL1ClockFreq
                0x000000000800d560      0x17c ./libDaisy//build/libdaisy.a(stm32h7xx_hal_rcc_ex.o)
                0x000000000800d560                HAL_RCCEx_GetPLL1ClockFreq
 .text.HAL_RCCEx_GetPeriphCLKFreq
                0x000000000800d6dc      0x198 ./libDaisy//build/libdaisy.a(stm32h7xx_hal_rcc_ex.o)
                0x000000000800d6dc                HAL_RCCEx_GetPeriphCLKFreq
 .text.HAL_RCCEx_GetD1SysClockFreq
                0x000000000800d874       0x2c ./libDaisy//build/libdaisy.a(stm32h7xx_hal_rcc_ex.o)
                0x000000000800d874                HAL_RCCEx_GetD1SysClockFreq
 .text.HAL_SAI_Init.part.0
                0x000000000800d8a0      0x348 ./libDaisy//build/libdaisy.a(stm32h7xx_hal_sai.o)
 .text.HAL_SAI_InitProtocol
                0x000000000800dbe8      0x178 ./libDaisy//build/libdaisy.a(stm32h7xx_hal_sai.o)
                0x000000000800dbe8                HAL_SAI_InitProtocol
 .text.HAL_SAI_Transmit_DMA
                0x000000000800dd60      0x124 ./libDaisy//build/libdaisy.a(stm32h7xx_hal_sai.o)
                0x000000000800dd60                HAL_SAI_Transmit_DMA
 .text.HAL_SAI_Receive_DMA
                0x000000000800de84       0xd0 ./libDaisy//build/libdaisy.a(stm32h7xx_hal_sai.o)
                0x000000000800de84                HAL_SAI_Receive_DMA
 .text.HAL_SAI_TxCpltCallback
                0x000000000800df54        0x4 ./libDaisy//build/libdaisy.a(stm32h7xx_hal_sai.o)
                0x000000000800df54                HAL_SAI_TxCpltCallback
 .text.SAI_DMATxCplt
                0x000000000800df58       0x64 ./libDaisy//build/libdaisy.a(stm32h7xx_hal_sai.o)
 .text.HAL_SAI_TxHalfCpltCallback
                0x000000000800dfbc        0x4 ./libDaisy//build/libdaisy.a(stm32h7xx_hal_sai.o)
                0x000000000800dfbc                HAL_SAI_TxHalfCpltCallback
 .text.SAI_DMATxHalfCplt
                0x000000000800dfc0        0xc ./libDaisy//build/libdaisy.a(stm32h7xx_hal_sai.o)
 .text.SAI_DMARxCplt
                0x000000000800dfcc       0x64 ./libDaisy//build/libdaisy.a(stm32h7xx_hal_sai.o)
 .text.SAI_DMARxHalfCplt
                0x000000000800e030        0xc ./libDaisy//build/libdaisy.a(stm32h7xx_hal_sai.o)
 .text.HAL_SAI_ErrorCallback
                0x000000000800e03c        0x4 ./libDaisy//build/libdaisy.a(stm32h7xx_hal_sai.o)
                0x000000000800e03c                HAL_SAI_ErrorCallback
 .text.SAI_DMAError
                0x000000000800e040       0x6c ./libDaisy//build/libdaisy.a(stm32h7xx_hal_sai.o)
 .text.HAL_SDRAM_Init
                0x000000000800e0ac       0x54 ./libDaisy//build/libdaisy.a(stm32h7xx_hal_sdram.o)
                0x000000000800e0ac                HAL_SDRAM_Init
 .text.HAL_SDRAM_SendCommand
                0x000000000800e100       0x40 ./libDaisy//build/libdaisy.a(stm32h7xx_hal_sdram.o)
                0x000000000800e100                HAL_SDRAM_SendCommand
 .text.HAL_SDRAM_ProgramRefreshRate
                0x000000000800e140       0x30 ./libDaisy//build/libdaisy.a(stm32h7xx_hal_sdram.o)
                0x000000000800e140                HAL_SDRAM_ProgramRefreshRate
 .text.SPI_CloseTransfer
                0x000000000800e170       0xb8 ./libDaisy//build/libdaisy.a(stm32h7xx_hal_spi.o)
 .text.HAL_SPI_Init
                0x000000000800e228      0x15c ./libDaisy//build/libdaisy.a(stm32h7xx_hal_spi.o)
                0x000000000800e228                HAL_SPI_Init
 .text.HAL_SPI_Transmit
                0x000000000800e384      0x314 ./libDaisy//build/libdaisy.a(stm32h7xx_hal_spi.o)
                0x000000000800e384                HAL_SPI_Transmit
 .text.HAL_SPI_Transmit_DMA
                0x000000000800e698      0x170 ./libDaisy//build/libdaisy.a(stm32h7xx_hal_spi.o)
                0x000000000800e698                HAL_SPI_Transmit_DMA
 .text.HAL_SPI_TransmitReceive_DMA
                0x000000000800e808      0x218 ./libDaisy//build/libdaisy.a(stm32h7xx_hal_spi.o)
                0x000000000800e808                HAL_SPI_TransmitReceive_DMA
 .text.HAL_SPI_Receive_DMA
                0x000000000800ea20      0x1b4 ./libDaisy//build/libdaisy.a(stm32h7xx_hal_spi.o)
                0x000000000800ea20                HAL_SPI_Receive_DMA
 .text.SPI_DMATransmitCplt
                0x000000000800ebd4       0x28 ./libDaisy//build/libdaisy.a(stm32h7xx_hal_spi.o)
 .text.SPI_DMAReceiveCplt
                0x000000000800ebfc       0x28 ./libDaisy//build/libdaisy.a(stm32h7xx_hal_spi.o)
 .text.SPI_DMATransmitReceiveCplt
                0x000000000800ec24       0x28 ./libDaisy//build/libdaisy.a(stm32h7xx_hal_spi.o)
 .text.HAL_SPI_TxHalfCpltCallback
                0x000000000800ec4c        0x4 ./libDaisy//build/libdaisy.a(stm32h7xx_hal_spi.o)
                0x000000000800ec4c                HAL_SPI_TxHalfCpltCallback
 .text.SPI_DMAHalfTransmitCplt
                0x000000000800ec50        0xc ./libDaisy//build/libdaisy.a(stm32h7xx_hal_spi.o)
 .text.HAL_SPI_RxHalfCpltCallback
                0x000000000800ec5c        0x4 ./libDaisy//build/libdaisy.a(stm32h7xx_hal_spi.o)
                0x000000000800ec5c                HAL_SPI_RxHalfCpltCallback
 .text.SPI_DMAHalfReceiveCplt
                0x000000000800ec60        0xc ./libDaisy//build/libdaisy.a(stm32h7xx_hal_spi.o)
 .text.HAL_SPI_TxRxHalfCpltCallback
                0x000000000800ec6c        0x4 ./libDaisy//build/libdaisy.a(stm32h7xx_hal_spi.o)
                0x000000000800ec6c                HAL_SPI_TxRxHalfCpltCallback
 .text.SPI_DMAHalfTransmitReceiveCplt
                0x000000000800ec70        0xc ./libDaisy//build/libdaisy.a(stm32h7xx_hal_spi.o)
 .text.SPI_DMAError
                0x000000000800ec7c       0xd8 ./libDaisy//build/libdaisy.a(stm32h7xx_hal_spi.o)
 .text.HAL_SPI_IRQHandler
                0x000000000800ed54      0x23c ./libDaisy//build/libdaisy.a(stm32h7xx_hal_spi.o)
                0x000000000800ed54                HAL_SPI_IRQHandler
 .text.SPI_DMAAbortOnError
                0x000000000800ef90       0x1c ./libDaisy//build/libdaisy.a(stm32h7xx_hal_spi.o)
 .text.HAL_SPI_GetState
                0x000000000800efac        0x8 ./libDaisy//build/libdaisy.a(stm32h7xx_hal_spi.o)
                0x000000000800efac                HAL_SPI_GetState
 .text.HAL_TIM_Base_Init
                0x000000000800efb4      0x140 ./libDaisy//build/libdaisy.a(stm32h7xx_hal_tim.o)
                0x000000000800efb4                HAL_TIM_Base_Init
 .text.HAL_TIM_Base_Start
                0x000000000800f0f4       0x34 ./libDaisy//build/libdaisy.a(stm32h7xx_hal_tim.o)
                0x000000000800f0f4                HAL_TIM_Base_Start
 .text.HAL_TIM_Base_Start_IT
                0x000000000800f128       0x2c ./libDaisy//build/libdaisy.a(stm32h7xx_hal_tim.o)
                0x000000000800f128                HAL_TIM_Base_Start_IT
 .text.HAL_TIM_ConfigClockSource
                0x000000000800f154      0x17c ./libDaisy//build/libdaisy.a(stm32h7xx_hal_tim.o)
                0x000000000800f154                HAL_TIM_ConfigClockSource
 .text.HAL_TIM_OC_DelayElapsedCallback
                0x000000000800f2d0        0x4 ./libDaisy//build/libdaisy.a(stm32h7xx_hal_tim.o)
                0x000000000800f2d0                HAL_TIM_OC_DelayElapsedCallback
 .text.HAL_TIM_IC_CaptureCallback
                0x000000000800f2d4        0x4 ./libDaisy//build/libdaisy.a(stm32h7xx_hal_tim.o)
                0x000000000800f2d4                HAL_TIM_IC_CaptureCallback
 .text.HAL_TIM_PWM_PulseFinishedCallback
                0x000000000800f2d8        0x4 ./libDaisy//build/libdaisy.a(stm32h7xx_hal_tim.o)
                0x000000000800f2d8                HAL_TIM_PWM_PulseFinishedCallback
 .text.HAL_TIM_TriggerCallback
                0x000000000800f2dc        0x4 ./libDaisy//build/libdaisy.a(stm32h7xx_hal_tim.o)
                0x000000000800f2dc                HAL_TIM_TriggerCallback
 .text.HAL_TIM_IRQHandler
                0x000000000800f2e0      0x170 ./libDaisy//build/libdaisy.a(stm32h7xx_hal_tim.o)
                0x000000000800f2e0                HAL_TIM_IRQHandler
 .text.HAL_TIMEx_MasterConfigSynchronization
                0x000000000800f450       0x64 ./libDaisy//build/libdaisy.a(stm32h7xx_hal_tim_ex.o)
                0x000000000800f450                HAL_TIMEx_MasterConfigSynchronization
 .text.HAL_TIMEx_CommutCallback
                0x000000000800f4b4        0x4 ./libDaisy//build/libdaisy.a(stm32h7xx_hal_tim_ex.o)
                0x000000000800f4b4                HAL_TIMEx_CommutCallback
 .text.HAL_TIMEx_BreakCallback
                0x000000000800f4b8        0x4 ./libDaisy//build/libdaisy.a(stm32h7xx_hal_tim_ex.o)
                0x000000000800f4b8                HAL_TIMEx_BreakCallback
 .text.HAL_TIMEx_Break2Callback
                0x000000000800f4bc        0x4 ./libDaisy//build/libdaisy.a(stm32h7xx_hal_tim_ex.o)
                0x000000000800f4bc                HAL_TIMEx_Break2Callback
 .text.FMC_SDRAM_Init
                0x000000000800f4c0       0x7c ./libDaisy//build/libdaisy.a(stm32h7xx_ll_fmc.o)
                0x000000000800f4c0                FMC_SDRAM_Init
 .text.FMC_SDRAM_Timing_Init
                0x000000000800f53c       0x98 ./libDaisy//build/libdaisy.a(stm32h7xx_ll_fmc.o)
                0x000000000800f53c                FMC_SDRAM_Timing_Init
 .text.FMC_SDRAM_SendCommand
                0x000000000800f5d4       0x28 ./libDaisy//build/libdaisy.a(stm32h7xx_ll_fmc.o)
                0x000000000800f5d4                FMC_SDRAM_SendCommand
 .text.FMC_SDRAM_ProgramRefreshRate
                0x000000000800f5fc       0x1c ./libDaisy//build/libdaisy.a(stm32h7xx_ll_fmc.o)
                0x000000000800f5fc                FMC_SDRAM_ProgramRefreshRate
 .text.USB_CoreInit
                0x000000000800f618      0x124 ./libDaisy//build/libdaisy.a(stm32h7xx_ll_usb.o)
                0x000000000800f618                USB_CoreInit
 .text.USB_SetTurnaroundTime
                0x000000000800f73c      0x104 ./libDaisy//build/libdaisy.a(stm32h7xx_ll_usb.o)
                0x000000000800f73c                USB_SetTurnaroundTime
 .text.USB_EnableGlobalInt
                0x000000000800f840       0x10 ./libDaisy//build/libdaisy.a(stm32h7xx_ll_usb.o)
                0x000000000800f840                USB_EnableGlobalInt
 .text.USB_DisableGlobalInt
                0x000000000800f850       0x10 ./libDaisy//build/libdaisy.a(stm32h7xx_ll_usb.o)
                0x000000000800f850                USB_DisableGlobalInt
 .text.USB_SetCurrentMode
                0x000000000800f860       0x30 ./libDaisy//build/libdaisy.a(stm32h7xx_ll_usb.o)
                0x000000000800f860                USB_SetCurrentMode
 .text.USB_DevInit
                0x000000000800f890      0x20c ./libDaisy//build/libdaisy.a(stm32h7xx_ll_usb.o)
                0x000000000800f890                USB_DevInit
 .text.USB_FlushTxFifo
                0x000000000800fa9c       0x34 ./libDaisy//build/libdaisy.a(stm32h7xx_ll_usb.o)
                0x000000000800fa9c                USB_FlushTxFifo
 .text.USB_GetDevSpeed
                0x000000000800fad0       0x24 ./libDaisy//build/libdaisy.a(stm32h7xx_ll_usb.o)
                0x000000000800fad0                USB_GetDevSpeed
 .text.USB_ActivateEndpoint
                0x000000000800faf4       0x90 ./libDaisy//build/libdaisy.a(stm32h7xx_ll_usb.o)
                0x000000000800faf4                USB_ActivateEndpoint
 .text.USB_DeactivateEndpoint
                0x000000000800fb84       0x84 ./libDaisy//build/libdaisy.a(stm32h7xx_ll_usb.o)
                0x000000000800fb84                USB_DeactivateEndpoint
 .text.USB_EPStartXfer
                0x000000000800fc08      0x230 ./libDaisy//build/libdaisy.a(stm32h7xx_ll_usb.o)
                0x000000000800fc08                USB_EPStartXfer
 .text.USB_EP0StartXfer
                0x000000000800fe38      0x174 ./libDaisy//build/libdaisy.a(stm32h7xx_ll_usb.o)
                0x000000000800fe38                USB_EP0StartXfer
 .text.USB_WritePacket
                0x000000000800ffac       0x2c ./libDaisy//build/libdaisy.a(stm32h7xx_ll_usb.o)
                0x000000000800ffac                USB_WritePacket
 .text.USB_ReadPacket
                0x000000000800ffd8       0x20 ./libDaisy//build/libdaisy.a(stm32h7xx_ll_usb.o)
                0x000000000800ffd8                USB_ReadPacket
 .text.USB_EPSetStall
                0x000000000800fff8       0x68 ./libDaisy//build/libdaisy.a(stm32h7xx_ll_usb.o)
                0x000000000800fff8                USB_EPSetStall
 .text.USB_EPClearStall
                0x0000000008010060       0x58 ./libDaisy//build/libdaisy.a(stm32h7xx_ll_usb.o)
                0x0000000008010060                USB_EPClearStall
 .text.USB_SetDevAddress
                0x00000000080100b8       0x24 ./libDaisy//build/libdaisy.a(stm32h7xx_ll_usb.o)
                0x00000000080100b8                USB_SetDevAddress
 .text.USB_DevConnect
                0x00000000080100dc       0x1c ./libDaisy//build/libdaisy.a(stm32h7xx_ll_usb.o)
                0x00000000080100dc                USB_DevConnect
 .text.USB_DevDisconnect
                0x00000000080100f8       0x1c ./libDaisy//build/libdaisy.a(stm32h7xx_ll_usb.o)
                0x00000000080100f8                USB_DevDisconnect
 .text.USB_ReadInterrupts
                0x0000000008010114       0x14 ./libDaisy//build/libdaisy.a(stm32h7xx_ll_usb.o)
                0x0000000008010114                USB_ReadInterrupts
 .text.USB_ReadDevAllOutEpInterrupt
                0x0000000008010128       0x1c ./libDaisy//build/libdaisy.a(stm32h7xx_ll_usb.o)
                0x0000000008010128                USB_ReadDevAllOutEpInterrupt
 .text.USB_ReadDevAllInEpInterrupt
                0x0000000008010144       0x1c ./libDaisy//build/libdaisy.a(stm32h7xx_ll_usb.o)
                0x0000000008010144                USB_ReadDevAllInEpInterrupt
 .text.USB_ReadDevOutEPInterrupt
                0x0000000008010160       0x1c ./libDaisy//build/libdaisy.a(stm32h7xx_ll_usb.o)
                0x0000000008010160                USB_ReadDevOutEPInterrupt
 .text.USB_ReadDevInEPInterrupt
                0x000000000801017c       0x38 ./libDaisy//build/libdaisy.a(stm32h7xx_ll_usb.o)
                0x000000000801017c                USB_ReadDevInEPInterrupt
 .text.USB_GetMode
                0x00000000080101b4        0x8 ./libDaisy//build/libdaisy.a(stm32h7xx_ll_usb.o)
                0x00000000080101b4                USB_GetMode
 .text.USB_ActivateSetup
                0x00000000080101bc       0x38 ./libDaisy//build/libdaisy.a(stm32h7xx_ll_usb.o)
                0x00000000080101bc                USB_ActivateSetup
 .text.USB_EP0_OutStart
                0x00000000080101f4       0x58 ./libDaisy//build/libdaisy.a(stm32h7xx_ll_usb.o)
                0x00000000080101f4                USB_EP0_OutStart
 .text.USB_InitFSLSPClkSel
                0x000000000801024c       0x44 ./libDaisy//build/libdaisy.a(stm32h7xx_ll_usb.o)
                0x000000000801024c                USB_InitFSLSPClkSel
 .text.USB_HC_ReadInterrupt
                0x0000000008010290        0x8 ./libDaisy//build/libdaisy.a(stm32h7xx_ll_usb.o)
                0x0000000008010290                USB_HC_ReadInterrupt
 .text.USB_HC_Halt
                0x0000000008010298       0xc0 ./libDaisy//build/libdaisy.a(stm32h7xx_ll_usb.o)
                0x0000000008010298                USB_HC_Halt
 .text.USB_StopHost
                0x0000000008010358      0x2ec ./libDaisy//build/libdaisy.a(stm32h7xx_ll_usb.o)
                0x0000000008010358                USB_StopHost
 .text.USBD_CDC_EP0_RxReady
                0x0000000008010644       0x2c ./libDaisy//build/libdaisy.a(usbd_cdc.o)
 .text.USBD_CDC_GetFSCfgDesc
                0x0000000008010670       0x24 ./libDaisy//build/libdaisy.a(usbd_cdc.o)
 .text.USBD_CDC_GetHSCfgDesc
                0x0000000008010694       0x24 ./libDaisy//build/libdaisy.a(usbd_cdc.o)
 .text.USBD_CDC_GetOtherSpeedCfgDesc
                0x00000000080106b8       0x24 ./libDaisy//build/libdaisy.a(usbd_cdc.o)
 .text.USBD_CDC_GetDeviceQualifierDescriptor
                0x00000000080106dc       0x10 ./libDaisy//build/libdaisy.a(usbd_cdc.o)
                0x00000000080106dc                USBD_CDC_GetDeviceQualifierDescriptor
 .text.USBD_CDC_DataOut
                0x00000000080106ec       0x30 ./libDaisy//build/libdaisy.a(usbd_cdc.o)
 .text.USBD_CDC_DataIn
                0x000000000801071c       0x50 ./libDaisy//build/libdaisy.a(usbd_cdc.o)
 .text.USBD_CDC_Setup
                0x000000000801076c       0xcc ./libDaisy//build/libdaisy.a(usbd_cdc.o)
 .text.USBD_CDC_DeInit
                0x0000000008010838       0x44 ./libDaisy//build/libdaisy.a(usbd_cdc.o)
 .text.USBD_CDC_Init
                0x000000000801087c       0x94 ./libDaisy//build/libdaisy.a(usbd_cdc.o)
 .text.USBD_CDC_RegisterInterface
                0x0000000008010910       0x10 ./libDaisy//build/libdaisy.a(usbd_cdc.o)
                0x0000000008010910                USBD_CDC_RegisterInterface
 .text.USBD_CDC_SetTxBuffer
                0x0000000008010920       0x14 ./libDaisy//build/libdaisy.a(usbd_cdc.o)
                0x0000000008010920                USBD_CDC_SetTxBuffer
 .text.USBD_CDC_SetRxBuffer
                0x0000000008010934       0x10 ./libDaisy//build/libdaisy.a(usbd_cdc.o)
                0x0000000008010934                USBD_CDC_SetRxBuffer
 .text.USBD_CDC_TransmitPacket
                0x0000000008010944       0x34 ./libDaisy//build/libdaisy.a(usbd_cdc.o)
                0x0000000008010944                USBD_CDC_TransmitPacket
 .text.USBD_CDC_ReceivePacket
                0x0000000008010978       0x38 ./libDaisy//build/libdaisy.a(usbd_cdc.o)
                0x0000000008010978                USBD_CDC_ReceivePacket
 .text.USBD_Init
                0x00000000080109b0       0x44 ./libDaisy//build/libdaisy.a(usbd_core.o)
                0x00000000080109b0                USBD_Init
 .text.USBD_RegisterClass
                0x00000000080109f4       0x2c ./libDaisy//build/libdaisy.a(usbd_core.o)
                0x00000000080109f4                USBD_RegisterClass
 .text.USBD_Start
                0x0000000008010a20        0xc ./libDaisy//build/libdaisy.a(usbd_core.o)
                0x0000000008010a20                USBD_Start
 .text.USBD_SetClassConfig
                0x0000000008010a2c       0x14 ./libDaisy//build/libdaisy.a(usbd_core.o)
                0x0000000008010a2c                USBD_SetClassConfig
 .text.USBD_ClrClassConfig
                0x0000000008010a40       0x10 ./libDaisy//build/libdaisy.a(usbd_core.o)
                0x0000000008010a40                USBD_ClrClassConfig
 .text.USBD_LL_SetupStage
                0x0000000008010a50       0x5c ./libDaisy//build/libdaisy.a(usbd_core.o)
                0x0000000008010a50                USBD_LL_SetupStage
 .text.USBD_LL_DataOutStage
                0x0000000008010aac       0x7c ./libDaisy//build/libdaisy.a(usbd_core.o)
                0x0000000008010aac                USBD_LL_DataOutStage
 .text.USBD_LL_DataInStage
                0x0000000008010b28       0xcc ./libDaisy//build/libdaisy.a(usbd_core.o)
                0x0000000008010b28                USBD_LL_DataInStage
 .text.USBD_LL_Reset
                0x0000000008010bf4       0x50 ./libDaisy//build/libdaisy.a(usbd_core.o)
                0x0000000008010bf4                USBD_LL_Reset
 .text.USBD_LL_SetSpeed
                0x0000000008010c44        0x8 ./libDaisy//build/libdaisy.a(usbd_core.o)